Archive member included to satisfy reference by file (symbol)

C:/ST/STM32CubeCLT_1.16.0/GNU-tools-for-STM32/bin/../lib/gcc/arm-none-eabi/12.3.1/../../../../arm-none-eabi/lib/thumb/v7-m/nofp\libc_nano.a(libc_a-exit.o)
                              C:/ST/STM32CubeCLT_1.16.0/GNU-tools-for-STM32/bin/../lib/gcc/arm-none-eabi/12.3.1/../../../../arm-none-eabi/lib/thumb/v7-m/nofp/crt0.o (exit)
C:/ST/STM32CubeCLT_1.16.0/GNU-tools-for-STM32/bin/../lib/gcc/arm-none-eabi/12.3.1/../../../../arm-none-eabi/lib/thumb/v7-m/nofp\libc_nano.a(libc_a-findfp.o)
                              C:/ST/STM32CubeCLT_1.16.0/GNU-tools-for-STM32/bin/../lib/gcc/arm-none-eabi/12.3.1/../../../../arm-none-eabi/lib/thumb/v7-m/nofp\libc_nano.a(libc_a-exit.o) (__stdio_exit_handler)
C:/ST/STM32CubeCLT_1.16.0/GNU-tools-for-STM32/bin/../lib/gcc/arm-none-eabi/12.3.1/../../../../arm-none-eabi/lib/thumb/v7-m/nofp\libc_nano.a(libc_a-fwalk.o)
                              C:/ST/STM32CubeCLT_1.16.0/GNU-tools-for-STM32/bin/../lib/gcc/arm-none-eabi/12.3.1/../../../../arm-none-eabi/lib/thumb/v7-m/nofp\libc_nano.a(libc_a-findfp.o) (_fwalk_sglue)
C:/ST/STM32CubeCLT_1.16.0/GNU-tools-for-STM32/bin/../lib/gcc/arm-none-eabi/12.3.1/../../../../arm-none-eabi/lib/thumb/v7-m/nofp\libc_nano.a(libc_a-snprintf.o)
                              build/uart.o (snprintf)
C:/ST/STM32CubeCLT_1.16.0/GNU-tools-for-STM32/bin/../lib/gcc/arm-none-eabi/12.3.1/../../../../arm-none-eabi/lib/thumb/v7-m/nofp\libc_nano.a(libc_a-sprintf.o)
                              build/uart.o (sprintf)
C:/ST/STM32CubeCLT_1.16.0/GNU-tools-for-STM32/bin/../lib/gcc/arm-none-eabi/12.3.1/../../../../arm-none-eabi/lib/thumb/v7-m/nofp\libc_nano.a(libc_a-stdio.o)
                              C:/ST/STM32CubeCLT_1.16.0/GNU-tools-for-STM32/bin/../lib/gcc/arm-none-eabi/12.3.1/../../../../arm-none-eabi/lib/thumb/v7-m/nofp\libc_nano.a(libc_a-findfp.o) (__sread)
C:/ST/STM32CubeCLT_1.16.0/GNU-tools-for-STM32/bin/../lib/gcc/arm-none-eabi/12.3.1/../../../../arm-none-eabi/lib/thumb/v7-m/nofp\libc_nano.a(libc_a-memset.o)
                              C:/ST/STM32CubeCLT_1.16.0/GNU-tools-for-STM32/bin/../lib/gcc/arm-none-eabi/12.3.1/../../../../arm-none-eabi/lib/thumb/v7-m/nofp/crt0.o (memset)
C:/ST/STM32CubeCLT_1.16.0/GNU-tools-for-STM32/bin/../lib/gcc/arm-none-eabi/12.3.1/../../../../arm-none-eabi/lib/thumb/v7-m/nofp\libc_nano.a(libc_a-closer.o)
                              C:/ST/STM32CubeCLT_1.16.0/GNU-tools-for-STM32/bin/../lib/gcc/arm-none-eabi/12.3.1/../../../../arm-none-eabi/lib/thumb/v7-m/nofp\libc_nano.a(libc_a-stdio.o) (_close_r)
C:/ST/STM32CubeCLT_1.16.0/GNU-tools-for-STM32/bin/../lib/gcc/arm-none-eabi/12.3.1/../../../../arm-none-eabi/lib/thumb/v7-m/nofp\libc_nano.a(libc_a-reent.o)
                              C:/ST/STM32CubeCLT_1.16.0/GNU-tools-for-STM32/bin/../lib/gcc/arm-none-eabi/12.3.1/../../../../arm-none-eabi/lib/thumb/v7-m/nofp\libc_nano.a(libc_a-closer.o) (errno)
C:/ST/STM32CubeCLT_1.16.0/GNU-tools-for-STM32/bin/../lib/gcc/arm-none-eabi/12.3.1/../../../../arm-none-eabi/lib/thumb/v7-m/nofp\libc_nano.a(libc_a-impure.o)
                              C:/ST/STM32CubeCLT_1.16.0/GNU-tools-for-STM32/bin/../lib/gcc/arm-none-eabi/12.3.1/../../../../arm-none-eabi/lib/thumb/v7-m/nofp\libc_nano.a(libc_a-snprintf.o) (_impure_ptr)
C:/ST/STM32CubeCLT_1.16.0/GNU-tools-for-STM32/bin/../lib/gcc/arm-none-eabi/12.3.1/../../../../arm-none-eabi/lib/thumb/v7-m/nofp\libc_nano.a(libc_a-lseekr.o)
                              C:/ST/STM32CubeCLT_1.16.0/GNU-tools-for-STM32/bin/../lib/gcc/arm-none-eabi/12.3.1/../../../../arm-none-eabi/lib/thumb/v7-m/nofp\libc_nano.a(libc_a-stdio.o) (_lseek_r)
C:/ST/STM32CubeCLT_1.16.0/GNU-tools-for-STM32/bin/../lib/gcc/arm-none-eabi/12.3.1/../../../../arm-none-eabi/lib/thumb/v7-m/nofp\libc_nano.a(libc_a-readr.o)
                              C:/ST/STM32CubeCLT_1.16.0/GNU-tools-for-STM32/bin/../lib/gcc/arm-none-eabi/12.3.1/../../../../arm-none-eabi/lib/thumb/v7-m/nofp\libc_nano.a(libc_a-stdio.o) (_read_r)
C:/ST/STM32CubeCLT_1.16.0/GNU-tools-for-STM32/bin/../lib/gcc/arm-none-eabi/12.3.1/../../../../arm-none-eabi/lib/thumb/v7-m/nofp\libc_nano.a(libc_a-writer.o)
                              C:/ST/STM32CubeCLT_1.16.0/GNU-tools-for-STM32/bin/../lib/gcc/arm-none-eabi/12.3.1/../../../../arm-none-eabi/lib/thumb/v7-m/nofp\libc_nano.a(libc_a-stdio.o) (_write_r)
C:/ST/STM32CubeCLT_1.16.0/GNU-tools-for-STM32/bin/../lib/gcc/arm-none-eabi/12.3.1/../../../../arm-none-eabi/lib/thumb/v7-m/nofp\libc_nano.a(libc_a-errno.o)
                              build/sysmem.o (__errno)
C:/ST/STM32CubeCLT_1.16.0/GNU-tools-for-STM32/bin/../lib/gcc/arm-none-eabi/12.3.1/../../../../arm-none-eabi/lib/thumb/v7-m/nofp\libc_nano.a(libc_a-init.o)
                              C:/ST/STM32CubeCLT_1.16.0/GNU-tools-for-STM32/bin/../lib/gcc/arm-none-eabi/12.3.1/../../../../arm-none-eabi/lib/thumb/v7-m/nofp/crt0.o (__libc_init_array)
[...]
Memory Configuration

Name             Origin             Length             Attributes
RAM              0x20000000         0x00005000         xrw
FLASH            0x08000000         0x00020000         xr
*default*        0x00000000         0xffffffff

Linker script and memory map

LOAD C:/ST/STM32CubeCLT_1.16.0/GNU-tools-for-STM32/bin/../lib/gcc/arm-none-eabi/12.3.1/thumb/v7-m/nofp/crti.o
LOAD C:/ST/STM32CubeCLT_1.16.0/GNU-tools-for-STM32/bin/../lib/gcc/arm-none-eabi/12.3.1/thumb/v7-m/nofp/crtbegin.o
LOAD C:/ST/STM32CubeCLT_1.16.0/GNU-tools-for-STM32/bin/../lib/gcc/arm-none-eabi/12.3.1/../../../../arm-none-eabi/lib/thumb/v7-m/nofp/crt0.o
LOAD build/main.o
LOAD build/stm32f1xx_it.o
LOAD build/stm32f1xx_hal_msp.o
LOAD build/stm32f1xx_hal_gpio_ex.o
LOAD build/stm32f1xx_hal_tim.o
LOAD build/stm32f1xx_hal_tim_ex.o
LOAD build/stm32f1xx_hal_uart.o
LOAD build/stm32f1xx_hal.o
LOAD build/stm32f1xx_hal_rcc.o
LOAD build/stm32f1xx_hal_rcc_ex.o
LOAD build/stm32f1xx_hal_gpio.o
LOAD build/stm32f1xx_hal_dma.o
LOAD build/stm32f1xx_hal_cortex.o
LOAD build/stm32f1xx_hal_pwr.o
LOAD build/stm32f1xx_hal_flash.o
LOAD build/stm32f1xx_hal_flash_ex.o
LOAD build/stm32f1xx_hal_exti.o
LOAD build/system_stm32f1xx.o
LOAD build/sysmem.o
LOAD build/syscalls.o
LOAD build/stm32f1xx_hal_i2c.o
LOAD build/max_sensor.o
LOAD build/filter_max30102.o
LOAD build/uart.o
LOAD build/lis2dw12_reg.o
LOAD build/lis2dw12_activity.o
LOAD build/lis2dw12_tap_single.o
LOAD build/startup_stm32f103xb.o
LOAD C:/ST/STM32CubeCLT_1.16.0/GNU-tools-for-STM32/bin/../lib/gcc/arm-none-eabi/12.3.1/../../../../arm-none-eabi/lib/thumb/v7-m/nofp\libc_nano.a
LOAD C:/ST/STM32CubeCLT_1.16.0/GNU-tools-for-STM32/bin/../lib/gcc/arm-none-eabi/12.3.1/../../../../arm-none-eabi/lib/thumb/v7-m/nofp\libm.a
LOAD C:/ST/STM32CubeCLT_1.16.0/GNU-tools-for-STM32/bin/../lib/gcc/arm-none-eabi/12.3.1/../../../../arm-none-eabi/lib/thumb/v7-m/nofp\libnosys.a
START GROUP
LOAD C:/ST/STM32CubeCLT_1.16.0/GNU-tools-for-STM32/bin/../lib/gcc/arm-none-eabi/12.3.1/thumb/v7-m/nofp\libgcc.a
LOAD C:/ST/STM32CubeCLT_1.16.0/GNU-tools-for-STM32/bin/../lib/gcc/arm-none-eabi/12.3.1/../../../../arm-none-eabi/lib/thumb/v7-m/nofp\libc_nano.a
END GROUP
START GROUP
LOAD C:/ST/STM32CubeCLT_1.16.0/GNU-tools-for-STM32/bin/../lib/gcc/arm-none-eabi/12.3.1/thumb/v7-m/nofp\libgcc.a
LOAD C:/ST/STM32CubeCLT_1.16.0/GNU-tools-for-STM32/bin/../lib/gcc/arm-none-eabi/12.3.1/../../../../arm-none-eabi/lib/thumb/v7-m/nofp\libc_nano.a
END GROUP
LOAD C:/ST/STM32CubeCLT_1.16.0/GNU-tools-for-STM32/bin/../lib/gcc/arm-none-eabi/12.3.1/thumb/v7-m/nofp/crtend.o
LOAD C:/ST/STM32CubeCLT_1.16.0/GNU-tools-for-STM32/bin/../lib/gcc/arm-none-eabi/12.3.1/thumb/v7-m/nofp/crtn.o
                0x20005000                        _estack = (ORIGIN (RAM) + LENGTH (RAM))
                0x00000200                        _Min_Heap_Size = 0x200
                0x00000400                        _Min_Stack_Size = 0x400

.isr_vector     0x08000000      0x10c
                0x08000000                        . = ALIGN (0x4)
 *(.isr_vector)
 .isr_vector    0x08000000      0x10c build/startup_stm32f103xb.o
                0x08000000                g_pfnVectors
                0x0800010c                        . = ALIGN (0x4)

.text           0x0800010c     0x483c
                0x0800010c                        . = ALIGN (0x4)
 *(.text)
 .text          0x0800010c       0x40 C:/ST/STM32CubeCLT_1.16.0/GNU-tools-for-STM32/bin/../lib/gcc/arm-none-eabi/12.3.1/thumb/v7-m/nofp/crtbegin.o
 .text          0x0800014c       0x10 C:/ST/STM32CubeCLT_1.16.0/GNU-tools-for-STM32/bin/../lib/gcc/arm-none-eabi/12.3.1/../../../../arm-none-eabi/lib/thumb/v7-m/nofp\libc_nano.a(libc_a-strlen.o)
                0x0800014c                strlen
 .text          0x0800015c      0x378 C:/ST/STM32CubeCLT_1.16.0/GNU-tools-for-STM32/bin/../lib/gcc/arm-none-eabi/12.3.1/thumb/v7-m/nofp\libgcc.a(_arm_addsubdf3.o)
                0x0800015c                __aeabi_drsub
                0x08000164                __aeabi_dsub
                0x08000164                __subdf3
                0x08000168                __aeabi_dadd
                0x08000168                __adddf3
                0x080003e0                __floatunsidf
                0x080003e0                __aeabi_ui2d
                0x08000400                __floatsidf
                0x08000400                __aeabi_i2d
                0x08000424                __aeabi_f2d
                0x08000424                __extendsfdf2
                0x08000468                __floatundidf
                0x08000468                __aeabi_ul2d
                0x08000478                __floatdidf
                0x08000478                __aeabi_l2d
 .text          0x080004d4      0x424 C:/ST/STM32CubeCLT_1.16.0/GNU-tools-for-STM32/bin/../lib/gcc/arm-none-eabi/12.3.1/thumb/v7-m/nofp\libgcc.a(_arm_muldivdf3.o)
                0x080004d4                __aeabi_dmul
                0x080004d4                __muldf3
                0x08000728                __divdf3
                0x08000728                __aeabi_ddiv
 .text          0x080008f8       0x40 C:/ST/STM32CubeCLT_1.16.0/GNU-tools-for-STM32/bin/../lib/gcc/arm-none-eabi/12.3.1/thumb/v7-m/nofp\libgcc.a(_arm_fixunsdfsi.o)
                0x080008f8                __aeabi_d2uiz
                0x080008f8                __fixunsdfsi
 *(.text*)
 .text.main     0x08000938       0x7c build/main.o
                0x08000938                main
 .text.SystemClock_Config
                0x080009b4       0x82 build/main.o
                0x080009b4                SystemClock_Config
 *fill*         0x08000a36        0x2 
 .text.MX_I2C1_Init
                0x08000a38       0x5c build/main.o
 .text.MX_I2C2_Init
                0x08000a94       0x5c build/main.o
 .text.MX_USART2_UART_Init
                0x08000af0       0x54 build/main.o
 .text.MX_GPIO_Init
                0x08000b44      0x13c build/main.o
 .text.Error_Handler
                0x08000c80        0xc build/main.o
                0x08000c80                Error_Handler
 .text.NMI_Handler
                0x08000c8c        0x8 build/stm32f1xx_it.o
                0x08000c8c                NMI_Handler
 .text.HardFault_Handler
                0x08000c94        0x8 build/stm32f1xx_it.o
                0x08000c94                HardFault_Handler
 .text.MemManage_Handler
                0x08000c9c        0x8 build/stm32f1xx_it.o
                0x08000c9c                MemManage_Handler
 .text.BusFault_Handler
                0x08000ca4        0x8 build/stm32f1xx_it.o
                0x08000ca4                BusFault_Handler
 .text.UsageFault_Handler
                0x08000cac        0x8 build/stm32f1xx_it.o
                0x08000cac                UsageFault_Handler
 .text.SVC_Handler
                0x08000cb4        0xc build/stm32f1xx_it.o
                0x08000cb4                SVC_Handler
 .text.DebugMon_Handler
                0x08000cc0        0xc build/stm32f1xx_it.o
                0x08000cc0                DebugMon_Handler
 .text.PendSV_Handler
                0x08000ccc        0xc build/stm32f1xx_it.o
                0x08000ccc                PendSV_Handler
 .text.SysTick_Handler
                0x08000cd8        0xc build/stm32f1xx_it.o
                0x08000cd8                SysTick_Handler
 .text.EXTI3_IRQHandler
                0x08000ce4        0xe build/stm32f1xx_it.o
                0x08000ce4                EXTI3_IRQHandler
 .text.EXTI15_10_IRQHandler
                0x08000cf2       0x10 build/stm32f1xx_it.o
                0x08000cf2                EXTI15_10_IRQHandler
 *fill*         0x08000d02        0x2 
 .text.HAL_MspInit
                0x08000d04       0x64 build/stm32f1xx_hal_msp.o
                0x08000d04                HAL_MspInit
 .text.HAL_I2C_MspInit
                0x08000d68       0xd8 build/stm32f1xx_hal_msp.o
                0x08000d68                HAL_I2C_MspInit
 .text.HAL_UART_MspInit
                0x08000e40       0x7c build/stm32f1xx_hal_msp.o
                0x08000e40                HAL_UART_MspInit
 .text.HAL_UART_Init
                0x08000ebc       0xa0 build/stm32f1xx_hal_uart.o
                0x08000ebc                HAL_UART_Init
 .text.HAL_UART_Transmit
                0x08000f5c      0x116 build/stm32f1xx_hal_uart.o
                0x08000f5c                HAL_UART_Transmit
 .text.UART_WaitOnFlagUntilTimeout
                0x08001072       0xb2 build/stm32f1xx_hal_uart.o
 .text.UART_EndRxTransfer
                0x08001124       0xc4 build/stm32f1xx_hal_uart.o
 .text.UART_SetConfig
                0x080011e8      0x11c build/stm32f1xx_hal_uart.o
 .text.HAL_Init
                0x08001304       0x2c build/stm32f1xx_hal.o
                0x08001304                HAL_Init
 .text.HAL_InitTick
                0x08001330       0x60 build/stm32f1xx_hal.o
                0x08001330                HAL_InitTick
 .text.HAL_IncTick
                0x08001390       0x24 build/stm32f1xx_hal.o
                0x08001390                HAL_IncTick
 .text.HAL_GetTick
                0x080013b4       0x14 build/stm32f1xx_hal.o
                0x080013b4                HAL_GetTick
 .text.HAL_Delay
                0x080013c8       0x48 build/stm32f1xx_hal.o
                0x080013c8                HAL_Delay
 .text.HAL_RCC_OscConfig
                0x08001410      0x504 build/stm32f1xx_hal_rcc.o
                0x08001410                HAL_RCC_OscConfig
 .text.HAL_RCC_ClockConfig
                0x08001914      0x1d4 build/stm32f1xx_hal_rcc.o
                0x08001914                HAL_RCC_ClockConfig
 .text.HAL_RCC_GetSysClockFreq
                0x08001ae8       0xa8 build/stm32f1xx_hal_rcc.o
                0x08001ae8                HAL_RCC_GetSysClockFreq
 .text.HAL_RCC_GetHCLKFreq
                0x08001b90       0x14 build/stm32f1xx_hal_rcc.o
                0x08001b90                HAL_RCC_GetHCLKFreq
 .text.HAL_RCC_GetPCLK1Freq
                0x08001ba4       0x28 build/stm32f1xx_hal_rcc.o
                0x08001ba4                HAL_RCC_GetPCLK1Freq
 .text.HAL_RCC_GetPCLK2Freq
                0x08001bcc       0x28 build/stm32f1xx_hal_rcc.o
                0x08001bcc                HAL_RCC_GetPCLK2Freq
 .text.RCC_Delay
                0x08001bf4       0x3c build/stm32f1xx_hal_rcc.o
 .text.HAL_GPIO_Init
                0x08001c30      0x308 build/stm32f1xx_hal_gpio.o
                0x08001c30                HAL_GPIO_Init
 .text.HAL_GPIO_WritePin
                0x08001f38       0x30 build/stm32f1xx_hal_gpio.o
                0x08001f38                HAL_GPIO_WritePin
 .text.HAL_GPIO_EXTI_IRQHandler
                0x08001f68       0x30 build/stm32f1xx_hal_gpio.o
                0x08001f68                HAL_GPIO_EXTI_IRQHandler
 .text.HAL_GPIO_EXTI_Callback
                0x08001f98       0x14 build/stm32f1xx_hal_gpio.o
                0x08001f98                HAL_GPIO_EXTI_Callback
 .text.__NVIC_SetPriorityGrouping
                0x08001fac       0x48 build/stm32f1xx_hal_cortex.o
 .text.__NVIC_GetPriorityGrouping
                0x08001ff4       0x1c build/stm32f1xx_hal_cortex.o
 .text.__NVIC_EnableIRQ
                0x08002010       0x38 build/stm32f1xx_hal_cortex.o
 .text.__NVIC_SetPriority
                0x08002048       0x54 build/stm32f1xx_hal_cortex.o
 .text.NVIC_EncodePriority
                0x0800209c       0x64 build/stm32f1xx_hal_cortex.o
 .text.SysTick_Config
                0x08002100       0x44 build/stm32f1xx_hal_cortex.o
 .text.HAL_NVIC_SetPriorityGrouping
                0x08002144       0x16 build/stm32f1xx_hal_cortex.o
                0x08002144                HAL_NVIC_SetPriorityGrouping
 .text.HAL_NVIC_SetPriority
                0x0800215a       0x38 build/stm32f1xx_hal_cortex.o
                0x0800215a                HAL_NVIC_SetPriority
 .text.HAL_NVIC_EnableIRQ
                0x08002192       0x1c build/stm32f1xx_hal_cortex.o
                0x08002192                HAL_NVIC_EnableIRQ
 .text.HAL_SYSTICK_Config
                0x080021ae       0x18 build/stm32f1xx_hal_cortex.o
                0x080021ae                HAL_SYSTICK_Config
 .text.SystemInit
                0x080021c6        0xc build/system_stm32f1xx.o
                0x080021c6                SystemInit
 *fill*         0x080021d2        0x2 
 .text.HAL_I2C_Init
                0x080021d4      0x288 build/stm32f1xx_hal_i2c.o
                0x080021d4                HAL_I2C_Init
 .text.HAL_I2C_Master_Transmit
                0x0800245c      0x1fc build/stm32f1xx_hal_i2c.o
                0x0800245c                HAL_I2C_Master_Transmit
 .text.HAL_I2C_Master_Receive
                0x08002658      0x4d8 build/stm32f1xx_hal_i2c.o
                0x08002658                HAL_I2C_Master_Receive
 .text.HAL_I2C_Mem_Write
                0x08002b30      0x1f4 build/stm32f1xx_hal_i2c.o
                0x08002b30                HAL_I2C_Mem_Write
 .text.HAL_I2C_Mem_Read
                0x08002d24      0x4e8 build/stm32f1xx_hal_i2c.o
                0x08002d24                HAL_I2C_Mem_Read
 .text.I2C_MasterRequestWrite
                0x0800320c      0x104 build/stm32f1xx_hal_i2c.o
 .text.I2C_MasterRequestRead
                0x08003310      0x19c build/stm32f1xx_hal_i2c.o
 .text.I2C_RequestMemoryWrite
                0x080034ac      0x12c build/stm32f1xx_hal_i2c.o
 .text.I2C_RequestMemoryRead
                0x080035d8      0x1d0 build/stm32f1xx_hal_i2c.o
 .text.I2C_WaitOnFlagUntilTimeout
                0x080037a8       0xf4 build/stm32f1xx_hal_i2c.o
 .text.I2C_WaitOnMasterAddressFlagUntilTimeout
                0x0800389c      0x140 build/stm32f1xx_hal_i2c.o
 .text.I2C_WaitOnTXEFlagUntilTimeout
                0x080039dc       0x90 build/stm32f1xx_hal_i2c.o
 .text.I2C_WaitOnBTFFlagUntilTimeout
                0x08003a6c       0x90 build/stm32f1xx_hal_i2c.o
 .text.I2C_WaitOnRXNEFlagUntilTimeout
                0x08003afc       0xba build/stm32f1xx_hal_i2c.o
 .text.I2C_IsAcknowledgeFailed
                0x08003bb6       0x5c build/stm32f1xx_hal_i2c.o
 *fill*         0x08003c12        0x2 
 .text.MAX30102_readReg
                0x08003c14       0x7c build/max_sensor.o
                0x08003c14                MAX30102_readReg
 .text.MAX30102_writeReg
                0x08003c90       0x44 build/max_sensor.o
                0x08003c90                MAX30102_writeReg
 .text.MAX30102_setMeasMode
                0x08003cd4       0x98 build/max_sensor.o
                0x08003cd4                MAX30102_setMeasMode
 .text.MAX30102_resetRegister
                0x08003d6c       0x4a build/max_sensor.o
                0x08003d6c                MAX30102_resetRegister
 *fill*         0x08003db6        0x2 
 .text.MAX30102_setLedCurrent
                0x08003db8       0x68 build/max_sensor.o
                0x08003db8                MAX30102_setLedCurrent
 .text.MAX30102_setSampleRate
                0x08003e20       0x5c build/max_sensor.o
                0x08003e20                MAX30102_setSampleRate
 .text.MAX30102_setPulseWidth
                0x08003e7c       0x98 build/max_sensor.o
                0x08003e7c                MAX30102_setPulseWidth
 .text.MAX30102_resetFIFO
                0x08003f14       0x20 build/max_sensor.o
                0x08003f14                MAX30102_resetFIFO
 .text.MAX30102_initFIFO
                0x08003f34       0x18 build/max_sensor.o
                0x08003f34                MAX30102_initFIFO
 .text.MAX30102_read_FIFO
                0x08003f4c       0x8c build/max_sensor.o
                0x08003f4c                MAX30102_read_FIFO
 .text.MAX30102_displayData
                0x08003fd8        0xc build/max_sensor.o
                0x08003fd8                MAX30102_displayData
 .text.errHandler
                0x08003fe4        0xc build/uart.o
                0x08003fe4                errHandler
 .text.uart_Init
                0x08003ff0       0x54 build/uart.o
                0x08003ff0                uart_Init
 .text.uart_PrintString
                0x08004044       0x2c build/uart.o
                0x08004044                uart_PrintString
 .text.lis2dw12_read_reg
                0x08004070       0x3c build/lis2dw12_reg.o
                0x08004070                lis2dw12_read_reg
 .text.lis2dw12_write_reg
                0x080040ac       0x3c build/lis2dw12_reg.o
                0x080040ac                lis2dw12_write_reg
 .text.lis2dw12_power_mode_set
                0x080040e8       0x9c build/lis2dw12_reg.o
                0x080040e8                lis2dw12_power_mode_set
 .text.lis2dw12_data_rate_set
                0x08004184       0x8a build/lis2dw12_reg.o
                0x08004184                lis2dw12_data_rate_set
 .text.lis2dw12_full_scale_set
                0x0800420e       0x4c build/lis2dw12_reg.o
                0x0800420e                lis2dw12_full_scale_set
 .text.lis2dw12_all_sources_get
                0x0800425a       0x22 build/lis2dw12_reg.o
                0x0800425a                lis2dw12_all_sources_get
 .text.lis2dw12_device_id_get
                0x0800427c       0x22 build/lis2dw12_reg.o
                0x0800427c                lis2dw12_device_id_get
 .text.lis2dw12_reset_set
                0x0800429e       0x4c build/lis2dw12_reg.o
                0x0800429e                lis2dw12_reset_set
 .text.lis2dw12_reset_get
                0x080042ea       0x32 build/lis2dw12_reg.o
                0x080042ea                lis2dw12_reset_get
 .text.lis2dw12_filter_path_set
                0x0800431c       0x8a build/lis2dw12_reg.o
                0x0800431c                lis2dw12_filter_path_set
 .text.lis2dw12_filter_bandwidth_set
                0x080043a6       0x4c build/lis2dw12_reg.o
                0x080043a6                lis2dw12_filter_bandwidth_set
 .text.lis2dw12_pin_int1_route_set
                0x080043f2       0xd4 build/lis2dw12_reg.o
                0x080043f2                lis2dw12_pin_int1_route_set
 .text.lis2dw12_pin_int1_route_get
                0x080044c6       0x22 build/lis2dw12_reg.o
                0x080044c6                lis2dw12_pin_int1_route_get
 .text.lis2dw12_wkup_threshold_set
                0x080044e8       0x4c build/lis2dw12_reg.o
                0x080044e8                lis2dw12_wkup_threshold_set
 .text.lis2dw12_wkup_dur_set
                0x08004534       0x4c build/lis2dw12_reg.o
                0x08004534                lis2dw12_wkup_dur_set
 .text.lis2dw12_wkup_feed_data_set
                0x08004580       0x4c build/lis2dw12_reg.o
                0x08004580                lis2dw12_wkup_feed_data_set
 .text.lis2dw12_act_mode_set
                0x080045cc       0x8a build/lis2dw12_reg.o
                0x080045cc                lis2dw12_act_mode_set
 .text.lis2dw12_act_sleep_dur_set
                0x08004656       0x4c build/lis2dw12_reg.o
                0x08004656                lis2dw12_act_sleep_dur_set
 *fill*         0x080046a2        0x2 
 .text.lis2dw12_activity
                0x080046a4      0x158 build/lis2dw12_activity.o
                0x080046a4                lis2dw12_activity
 .text.platform_write
                0x080047fc       0x3a build/lis2dw12_activity.o
 .text.platform_read
                0x08004836       0x3a build/lis2dw12_activity.o
 .text.platform_delay
                0x08004870       0x1a build/lis2dw12_activity.o
 *fill*         0x0800488a        0x2 
 .text.Reset_Handler
                0x0800488c       0x48 build/startup_stm32f103xb.o
                0x0800488c                Reset_Handler
 .text.Default_Handler
                0x080048d4        0x2 build/startup_stm32f103xb.o
                0x080048d4                RTC_Alarm_IRQHandler
                0x080048d4                EXTI2_IRQHandler
                0x080048d4                TIM1_CC_IRQHandler
                0x080048d4                PVD_IRQHandler
                0x080048d4                EXTI0_IRQHandler
                0x080048d4                I2C2_EV_IRQHandler
                0x080048d4                ADC1_2_IRQHandler
                0x080048d4                SPI1_IRQHandler
                0x080048d4                TAMPER_IRQHandler
                0x080048d4                DMA1_Channel4_IRQHandler
                0x080048d4                USART3_IRQHandler
                0x080048d4                RTC_IRQHandler
                0x080048d4                DMA1_Channel7_IRQHandler
                0x080048d4                CAN1_RX1_IRQHandler
                0x080048d4                TIM4_IRQHandler
                0x080048d4                I2C1_EV_IRQHandler
                0x080048d4                DMA1_Channel6_IRQHandler
                0x080048d4                TIM3_IRQHandler
                0x080048d4                RCC_IRQHandler
                0x080048d4                TIM1_TRG_COM_IRQHandler
                0x080048d4                DMA1_Channel1_IRQHandler
                0x080048d4                Default_Handler
                0x080048d4                EXTI9_5_IRQHandler
                0x080048d4                SPI2_IRQHandler
                0x080048d4                DMA1_Channel5_IRQHandler
                0x080048d4                EXTI4_IRQHandler
                0x080048d4                USB_LP_CAN1_RX0_IRQHandler
                0x080048d4                USB_HP_CAN1_TX_IRQHandler
                0x080048d4                DMA1_Channel3_IRQHandler
                0x080048d4                TIM1_UP_IRQHandler
                0x080048d4                WWDG_IRQHandler
                0x080048d4                TIM2_IRQHandler
                0x080048d4                TIM1_BRK_IRQHandler
                0x080048d4                EXTI1_IRQHandler
                0x080048d4                USART2_IRQHandler
                0x080048d4                I2C2_ER_IRQHandler
                0x080048d4                DMA1_Channel2_IRQHandler
                0x080048d4                CAN1_SCE_IRQHandler
                0x080048d4                FLASH_IRQHandler
                0x080048d4                USART1_IRQHandler
                0x080048d4                I2C1_ER_IRQHandler
                0x080048d4                USBWakeUp_IRQHandler
 .text.memset   0x080048d6       0x10 C:/ST/STM32CubeCLT_1.16.0/GNU-tools-for-STM32/bin/../lib/gcc/arm-none-eabi/12.3.1/../../../../arm-none-eabi/lib/thumb/v7-m/nofp\libc_nano.a(libc_a-memset.o)
                0x080048d6                memset
 *fill*         0x080048e6        0x2 
 .text.__libc_init_array
                0x080048e8       0x48 C:/ST/STM32CubeCLT_1.16.0/GNU-tools-for-STM32/bin/../lib/gcc/arm-none-eabi/12.3.1/../../../../arm-none-eabi/lib/thumb/v7-m/nofp\libc_nano.a(libc_a-init.o)
                0x080048e8                __libc_init_array
 *(.glue_7)
 .glue_7        0x08004930        0x0 linker stubs
 *(.glue_7t)
 .glue_7t       0x08004930        0x0 linker stubs
 *(.eh_frame)
 .eh_frame      0x08004930        0x0 C:/ST/STM32CubeCLT_1.16.0/GNU-tools-for-STM32/bin/../lib/gcc/arm-none-eabi/12.3.1/thumb/v7-m/nofp/crtbegin.o
 *(.init)
 .init          0x08004930        0x4 C:/ST/STM32CubeCLT_1.16.0/GNU-tools-for-STM32/bin/../lib/gcc/arm-none-eabi/12.3.1/thumb/v7-m/nofp/crti.o
                0x08004930                _init
 .init          0x08004934        0x8 C:/ST/STM32CubeCLT_1.16.0/GNU-tools-for-STM32/bin/../lib/gcc/arm-none-eabi/12.3.1/thumb/v7-m/nofp/crtn.o
 *(.fini)
 .fini          0x0800493c        0x4 C:/ST/STM32CubeCLT_1.16.0/GNU-tools-for-STM32/bin/../lib/gcc/arm-none-eabi/12.3.1/thumb/v7-m/nofp/crti.o
                0x0800493c                _fini
 .fini          0x08004940        0x8 C:/ST/STM32CubeCLT_1.16.0/GNU-tools-for-STM32/bin/../lib/gcc/arm-none-eabi/12.3.1/thumb/v7-m/nofp/crtn.o
                0x08004948                        . = ALIGN (0x4)
                0x08004948                        _etext = .

.vfp11_veneer   0x08004948        0x0
 .vfp11_veneer  0x08004948        0x0 linker stubs

.v4_bx          0x08004948        0x0
 .v4_bx         0x08004948        0x0 linker stubs

.iplt           0x08004948        0x0
 .iplt          0x08004948        0x0 C:/ST/STM32CubeCLT_1.16.0/GNU-tools-for-STM32/bin/../lib/gcc/arm-none-eabi/12.3.1/thumb/v7-m/nofp/crtbegin.o

.rodata         0x08004948       0x54
                0x08004948                        . = ALIGN (0x4)
 *(.rodata)
 .rodata        0x08004948       0x28 build/lis2dw12_activity.o
 *(.rodata*)
 .rodata.aPLLMULFactorTable.1
                0x08004970       0x10 build/stm32f1xx_hal_rcc.o
 .rodata.aPredivFactorTable.0
                0x08004980        0x2 build/stm32f1xx_hal_rcc.o
 *fill*         0x08004982        0x2 
 .rodata.AHBPrescTable
                0x08004984       0x10 build/system_stm32f1xx.o
                0x08004984                AHBPrescTable
 .rodata.APBPrescTable
                0x08004994        0x8 build/system_stm32f1xx.o
                0x08004994                APBPrescTable
                0x0800499c                        . = ALIGN (0x4)

.ARM.extab      0x0800499c        0x0
                0x0800499c                        . = ALIGN (0x4)
 *(.ARM.extab* .gnu.linkonce.armextab.*)
                0x0800499c                        . = ALIGN (0x4)

.ARM            0x0800499c        0x8
                0x0800499c                        . = ALIGN (0x4)
                0x0800499c                        __exidx_start = .
 *(.ARM.exidx*)
 .ARM.exidx     0x0800499c        0x8 C:/ST/STM32CubeCLT_1.16.0/GNU-tools-for-STM32/bin/../lib/gcc/arm-none-eabi/12.3.1/../../../../arm-none-eabi/lib/thumb/v7-m/nofp\libc_nano.a(libc_a-strlen.o)
                0x080049a4                        __exidx_end = .
                0x080049a4                        . = ALIGN (0x4)

.preinit_array  0x080049a4        0x0
                0x080049a4                        . = ALIGN (0x4)
                0x080049a4                        PROVIDE (__preinit_array_start = .)
 *(.preinit_array*)
                0x080049a4                        PROVIDE (__preinit_array_end = .)
                0x080049a4                        . = ALIGN (0x4)

.init_array     0x080049a4        0x4
                0x080049a4                        . = ALIGN (0x4)
                0x080049a4                        PROVIDE (__init_array_start = .)
 *(SORT_BY_NAME(.init_array.*))
 *(.init_array*)
 .init_array    0x080049a4        0x4 C:/ST/STM32CubeCLT_1.16.0/GNU-tools-for-STM32/bin/../lib/gcc/arm-none-eabi/12.3.1/thumb/v7-m/nofp/crtbegin.o
                0x080049a8                        PROVIDE (__init_array_end = .)
                0x080049a8                        . = ALIGN (0x4)

.fini_array     0x080049a8        0x4
                0x080049a8                        . = ALIGN (0x4)
                [!provide]                        PROVIDE (__fini_array_start = .)
 *(SORT_BY_NAME(.fini_array.*))
 *(.fini_array*)
 .fini_array    0x080049a8        0x4 C:/ST/STM32CubeCLT_1.16.0/GNU-tools-for-STM32/bin/../lib/gcc/arm-none-eabi/12.3.1/thumb/v7-m/nofp/crtbegin.o
                [!provide]                        PROVIDE (__fini_array_end = .)
                0x080049ac                        . = ALIGN (0x4)
                0x080049ac                        _sidata = LOADADDR (.data)

.rel.dyn        0x080049ac        0x0
 .rel.iplt      0x080049ac        0x0 C:/ST/STM32CubeCLT_1.16.0/GNU-tools-for-STM32/bin/../lib/gcc/arm-none-eabi/12.3.1/thumb/v7-m/nofp/crtbegin.o

.data           0x20000000        0xc load address 0x080049ac
                0x20000000                        . = ALIGN (0x4)
                0x20000000                        _sdata = .
 *(.data)
 *(.data*)
 .data.uwTickPrio
                0x20000000        0x4 build/stm32f1xx_hal.o
                0x20000000                uwTickPrio
 .data.uwTickFreq
                0x20000004        0x1 build/stm32f1xx_hal.o
                0x20000004                uwTickFreq
 *fill*         0x20000005        0x3 
 .data.SystemCoreClock
                0x20000008        0x4 build/system_stm32f1xx.o
                0x20000008                SystemCoreClock
 *(.RamFunc)
 *(.RamFunc*)
                0x2000000c                        . = ALIGN (0x4)
                0x2000000c                        _edata = .

.igot.plt       0x2000000c        0x0 load address 0x080049b8
 .igot.plt      0x2000000c        0x0 C:/ST/STM32CubeCLT_1.16.0/GNU-tools-for-STM32/bin/../lib/gcc/arm-none-eabi/12.3.1/thumb/v7-m/nofp/crtbegin.o
                0x2000000c                        . = ALIGN (0x4)

.bss            0x2000000c      0x168 load address 0x080049b8
                0x2000000c                        _sbss = .
                0x2000000c                        __bss_start__ = _sbss
 *(.bss)
 .bss           0x2000000c       0x1c C:/ST/STM32CubeCLT_1.16.0/GNU-tools-for-STM32/bin/../lib/gcc/arm-none-eabi/12.3.1/thumb/v7-m/nofp/crtbegin.o
 *(.bss*)
 .bss.hi2c1     0x20000028       0x54 build/main.o
                0x20000028                hi2c1
 .bss.hi2c2     0x2000007c       0x54 build/main.o
                0x2000007c                hi2c2
 .bss.huart2    0x200000d0       0x48 build/main.o
                0x200000d0                huart2
 .bss.uwTick    0x20000118        0x4 build/stm32f1xx_hal.o
                0x20000118                uwTick
 .bss.fifoData  0x2000011c        0x8 build/max_sensor.o
                0x2000011c                fifoData
 .bss.measurment_mode
                0x20000124        0x1 build/max_sensor.o
                0x20000124                measurment_mode
 *fill*         0x20000125        0x3 
 .bss.stLink_Uart
                0x20000128       0x48 build/uart.o
                0x20000128                stLink_Uart
 .bss.whoamI    0x20000170        0x1 build/lis2dw12_activity.o
 .bss.rst       0x20000171        0x1 build/lis2dw12_activity.o
 *(COMMON)
                0x20000174                        . = ALIGN (0x4)
 *fill*         0x20000172        0x2 
                0x20000174                        _ebss = .
                0x20000174                        __bss_end__ = _ebss

._user_heap_stack
                0x20000174      0x604 load address 0x080049b8
                0x20000178                        . = ALIGN (0x8)
 *fill*         0x20000174        0x4 
                [!provide]                        PROVIDE (end = .)
                0x20000178                        PROVIDE (_end = .)
                0x20000378                        . = (. + _Min_Heap_Size)
 *fill*         0x20000178      0x200 
                0x20000778                        . = (. + _Min_Stack_Size)
 *fill*         0x20000378      0x400 
                0x20000778                        . = ALIGN (0x8)

/DISCARD/
 libc.a(*)
 libm.a(*)
 libgcc.a(*)

.ARM.attributes
                0x00000000       0x29
 *(.ARM.attributes)
 .ARM.attributes
                0x00000000       0x1d C:/ST/STM32CubeCLT_1.16.0/GNU-tools-for-STM32/bin/../lib/gcc/arm-none-eabi/12.3.1/thumb/v7-m/nofp/crti.o
 .ARM.attributes
                0x0000001d       0x2d C:/ST/STM32CubeCLT_1.16.0/GNU-tools-for-STM32/bin/../lib/gcc/arm-none-eabi/12.3.1/thumb/v7-m/nofp/crtbegin.o
 .ARM.attributes
                0x0000004a       0x2d build/main.o
 .ARM.attributes
                0x00000077       0x2d build/stm32f1xx_it.o
 .ARM.attributes
                0x000000a4       0x2d build/stm32f1xx_hal_msp.o
 .ARM.attributes
                0x000000d1       0x2d build/stm32f1xx_hal_uart.o
 .ARM.attributes
                0x000000fe       0x2d build/stm32f1xx_hal.o
 .ARM.attributes
                0x0000012b       0x2d build/stm32f1xx_hal_rcc.o
 .ARM.attributes
                0x00000158       0x2d build/stm32f1xx_hal_gpio.o
 .ARM.attributes
                0x00000185       0x2d build/stm32f1xx_hal_cortex.o
 .ARM.attributes
                0x000001b2       0x2d build/system_stm32f1xx.o
 .ARM.attributes
                0x000001df       0x2d build/stm32f1xx_hal_i2c.o
 .ARM.attributes
                0x0000020c       0x2d build/max_sensor.o
 .ARM.attributes
                0x00000239       0x2d build/uart.o
 .ARM.attributes
                0x00000266       0x2d build/lis2dw12_reg.o
 .ARM.attributes
                0x00000293       0x2d build/lis2dw12_activity.o
 .ARM.attributes
                0x000002c0       0x21 build/startup_stm32f103xb.o
 .ARM.attributes
                0x000002e1       0x2d C:/ST/STM32CubeCLT_1.16.0/GNU-tools-for-STM32/bin/../lib/gcc/arm-none-eabi/12.3.1/../../../../arm-none-eabi/lib/thumb/v7-m/nofp\libc_nano.a(libc_a-memset.o)
 .ARM.attributes
                0x0000030e       0x2d C:/ST/STM32CubeCLT_1.16.0/GNU-tools-for-STM32/bin/../lib/gcc/arm-none-eabi/12.3.1/../../../../arm-none-eabi/lib/thumb/v7-m/nofp\libc_nano.a(libc_a-init.o)
 .ARM.attributes
                0x0000033b       0x17 C:/ST/STM32CubeCLT_1.16.0/GNU-tools-for-STM32/bin/../lib/gcc/arm-none-eabi/12.3.1/../../../../arm-none-eabi/lib/thumb/v7-m/nofp\libc_nano.a(libc_a-strlen.o)
 .ARM.attributes
                0x00000352       0x1d C:/ST/STM32CubeCLT_1.16.0/GNU-tools-for-STM32/bin/../lib/gcc/arm-none-eabi/12.3.1/thumb/v7-m/nofp\libgcc.a(_arm_addsubdf3.o)
 .ARM.attributes
                0x0000036f       0x1d C:/ST/STM32CubeCLT_1.16.0/GNU-tools-for-STM32/bin/../lib/gcc/arm-none-eabi/12.3.1/thumb/v7-m/nofp\libgcc.a(_arm_muldivdf3.o)
 .ARM.attributes
                0x0000038c       0x1d C:/ST/STM32CubeCLT_1.16.0/GNU-tools-for-STM32/bin/../lib/gcc/arm-none-eabi/12.3.1/thumb/v7-m/nofp\libgcc.a(_arm_fixunsdfsi.o)
 .ARM.attributes
                0x000003a9       0x1d C:/ST/STM32CubeCLT_1.16.0/GNU-tools-for-STM32/bin/../lib/gcc/arm-none-eabi/12.3.1/thumb/v7-m/nofp/crtn.o
OUTPUT(build/LIA_24.elf elf32-littlearm)
LOAD linker stubs
LOAD C:/ST/STM32CubeCLT_1.16.0/GNU-tools-for-STM32/bin/../lib/gcc/arm-none-eabi/12.3.1/../../../../arm-none-eabi/lib/thumb/v7-m/nofp\libc.a
LOAD C:/ST/STM32CubeCLT_1.16.0/GNU-tools-for-STM32/bin/../lib/gcc/arm-none-eabi/12.3.1/../../../../arm-none-eabi/lib/thumb/v7-m/nofp\libm.a
LOAD C:/ST/STM32CubeCLT_1.16.0/GNU-tools-for-STM32/bin/../lib/gcc/arm-none-eabi/12.3.1/thumb/v7-m/nofp\libgcc.a

.debug_info     0x00000000    0x11c0c
 .debug_info    0x00000000     0x11c0 build/main.o
 .debug_info    0x000011c0      0x1ad build/stm32f1xx_it.o
 .debug_info    0x0000136d      0xce8 build/stm32f1xx_hal_msp.o
 .debug_info    0x00002055     0x329d build/stm32f1xx_hal_uart.o
 .debug_info    0x000052f2      0x7f4 build/stm32f1xx_hal.o
 .debug_info    0x00005ae6      0x920 build/stm32f1xx_hal_rcc.o
 .debug_info    0x00006406      0x67d build/stm32f1xx_hal_gpio.o
 .debug_info    0x00006a83      0xbf5 build/stm32f1xx_hal_cortex.o
 .debug_info    0x00007678      0x261 build/system_stm32f1xx.o
 .debug_info    0x000078d9     0x2974 build/stm32f1xx_hal_i2c.o
 .debug_info    0x0000a24d     0x199e build/max_sensor.o
 .debug_info    0x0000bbeb      0x842 build/uart.o
 .debug_info    0x0000c42d     0x3d36 build/lis2dw12_reg.o
 .debug_info    0x00010163     0x1a79 build/lis2dw12_activity.o
 .debug_info    0x00011bdc       0x30 build/startup_stm32f103xb.o

.debug_abbrev   0x00000000     0x1ecc
 .debug_abbrev  0x00000000      0x2c6 build/main.o
 .debug_abbrev  0x000002c6       0x9e build/stm32f1xx_it.o
 .debug_abbrev  0x00000364      0x19a build/stm32f1xx_hal_msp.o
 .debug_abbrev  0x000004fe      0x2de build/stm32f1xx_hal_uart.o
 .debug_abbrev  0x000007dc      0x1fa build/stm32f1xx_hal.o
 .debug_abbrev  0x000009d6      0x2a7 build/stm32f1xx_hal_rcc.o
 .debug_abbrev  0x00000c7d      0x1ba build/stm32f1xx_hal_gpio.o
 .debug_abbrev  0x00000e37      0x2ca build/stm32f1xx_hal_cortex.o
 .debug_abbrev  0x00001101      0x13a build/system_stm32f1xx.o
 .debug_abbrev  0x0000123b      0x287 build/stm32f1xx_hal_i2c.o
 .debug_abbrev  0x000014c2      0x330 build/max_sensor.o
 .debug_abbrev  0x000017f2      0x206 build/uart.o
 .debug_abbrev  0x000019f8      0x226 build/lis2dw12_reg.o
 .debug_abbrev  0x00001c1e      0x291 build/lis2dw12_activity.o
 .debug_abbrev  0x00001eaf       0x1d build/startup_stm32f103xb.o

.debug_loc      0x00000000     0x7bbe
 .debug_loc     0x00000000      0x18a build/main.o
 .debug_loc     0x0000018a      0x22c build/stm32f1xx_it.o
 .debug_loc     0x000003b6      0x19c build/stm32f1xx_hal_msp.o
 .debug_loc     0x00000552     0x14b4 build/stm32f1xx_hal_uart.o
 .debug_loc     0x00001a06      0x698 build/stm32f1xx_hal.o
 .debug_loc     0x0000209e      0x444 build/stm32f1xx_hal_rcc.o
 .debug_loc     0x000024e2      0x2d4 build/stm32f1xx_hal_gpio.o
 .debug_loc     0x000027b6      0x8f8 build/stm32f1xx_hal_cortex.o
 .debug_loc     0x000030ae       0xa0 build/system_stm32f1xx.o
 .debug_loc     0x0000314e     0x1b52 build/stm32f1xx_hal_i2c.o
 .debug_loc     0x00004ca0      0x77e build/max_sensor.o
 .debug_loc     0x0000541e      0x198 build/uart.o
 .debug_loc     0x000055b6     0x24e0 build/lis2dw12_reg.o
 .debug_loc     0x00007a96      0x128 build/lis2dw12_activity.o

.debug_aranges  0x00000000      0xdf0
 .debug_aranges
                0x00000000       0x50 build/main.o
 .debug_aranges
                0x00000050       0x70 build/stm32f1xx_it.o
 .debug_aranges
                0x000000c0       0x40 build/stm32f1xx_hal_msp.o
 .debug_aranges
                0x00000100      0x208 build/stm32f1xx_hal_uart.o
 .debug_aranges
                0x00000308       0xe0 build/stm32f1xx_hal.o
 .debug_aranges
                0x000003e8       0x90 build/stm32f1xx_hal_rcc.o
 .debug_aranges
                0x00000478       0x58 build/stm32f1xx_hal_gpio.o
 .debug_aranges
                0x000004d0      0x100 build/stm32f1xx_hal_cortex.o
 .debug_aranges
                0x000005d0       0x28 build/system_stm32f1xx.o
 .debug_aranges
                0x000005f8      0x2a8 build/stm32f1xx_hal_i2c.o
 .debug_aranges
                0x000008a0       0xe0 build/max_sensor.o
 .debug_aranges
                0x00000980       0x48 build/uart.o
 .debug_aranges
                0x000009c8      0x3c8 build/lis2dw12_reg.o
 .debug_aranges
                0x00000d90       0x38 build/lis2dw12_activity.o
 .debug_aranges
                0x00000dc8       0x28 build/startup_stm32f103xb.o

.debug_ranges   0x00000000      0xd50
 .debug_ranges  0x00000000       0x40 build/main.o
 .debug_ranges  0x00000040       0x60 build/stm32f1xx_it.o
 .debug_ranges  0x000000a0       0x30 build/stm32f1xx_hal_msp.o
 .debug_ranges  0x000000d0      0x228 build/stm32f1xx_hal_uart.o
 .debug_ranges  0x000002f8       0xd0 build/stm32f1xx_hal.o
 .debug_ranges  0x000003c8       0x80 build/stm32f1xx_hal_rcc.o
 .debug_ranges  0x00000448       0x48 build/stm32f1xx_hal_gpio.o
 .debug_ranges  0x00000490       0xf0 build/stm32f1xx_hal_cortex.o
 .debug_ranges  0x00000580       0x18 build/system_stm32f1xx.o
 .debug_ranges  0x00000598      0x2b0 build/stm32f1xx_hal_i2c.o
 .debug_ranges  0x00000848       0xd0 build/max_sensor.o
 .debug_ranges  0x00000918       0x38 build/uart.o
 .debug_ranges  0x00000950      0x3b8 build/lis2dw12_reg.o
 .debug_ranges  0x00000d08       0x28 build/lis2dw12_activity.o
 .debug_ranges  0x00000d30       0x20 build/startup_stm32f103xb.o

.debug_line     0x00000000     0xa9a0
 .debug_line    0x00000000      0x46f build/main.o
 .debug_line    0x0000046f      0x297 build/stm32f1xx_it.o
 .debug_line    0x00000706      0x2ff build/stm32f1xx_hal_msp.o
 .debug_line    0x00000a05     0x23ff build/stm32f1xx_hal_uart.o
 .debug_line    0x00002e04      0x4fa build/stm32f1xx_hal.o
 .debug_line    0x000032fe      0x91d build/stm32f1xx_hal_rcc.o
 .debug_line    0x00003c1b      0x544 build/stm32f1xx_hal_gpio.o
 .debug_line    0x0000415f      0x67a build/stm32f1xx_hal_cortex.o
 .debug_line    0x000047d9      0x253 build/system_stm32f1xx.o
 .debug_line    0x00004a2c     0x37d2 build/stm32f1xx_hal_i2c.o
 .debug_line    0x000081fe      0xadf build/max_sensor.o
 .debug_line    0x00008cdd      0x3e9 build/uart.o
 .debug_line    0x000090c6     0x1580 build/lis2dw12_reg.o
 .debug_line    0x0000a646      0x2e6 build/lis2dw12_activity.o
 .debug_line    0x0000a92c       0x74 build/startup_stm32f103xb.o

.debug_str      0x00000000     0x4f3c
 .debug_str     0x00000000      0xec8 build/main.o
                                0xf9b (size before relaxing)
 .debug_str     0x00000ec8       0xf3 build/stm32f1xx_it.o
                                0x245 (size before relaxing)
 .debug_str     0x00000fbb       0xb8 build/stm32f1xx_hal_msp.o
                                0x90c (size before relaxing)
 .debug_str     0x00001073      0x6ac build/stm32f1xx_hal_uart.o
                                0xcc4 (size before relaxing)
 .debug_str     0x0000171f      0x2f3 build/stm32f1xx_hal.o
                                0x7fe (size before relaxing)
 .debug_str     0x00001a12      0x1c9 build/stm32f1xx_hal_rcc.o
                                0x5fb (size before relaxing)
 .debug_str     0x00001bdb       0xf0 build/stm32f1xx_hal_gpio.o
                                0x3d0 (size before relaxing)
 .debug_str     0x00001ccb      0x3a5 build/stm32f1xx_hal_cortex.o
                                0x8a3 (size before relaxing)
 .debug_str     0x00002070       0x4f build/system_stm32f1xx.o
                                0x224 (size before relaxing)
 .debug_str     0x000020bf      0x8a3 build/stm32f1xx_hal_i2c.o
                                0xf95 (size before relaxing)
 .debug_str     0x00002962      0x904 build/max_sensor.o
                               0x112a (size before relaxing)
 .debug_str     0x00003266       0x75 build/uart.o
                                0x671 (size before relaxing)
 .debug_str     0x000032db     0x1b22 build/lis2dw12_reg.o
                               0x1d2a (size before relaxing)
 .debug_str     0x00004dfd      0x10d build/lis2dw12_activity.o
                               0x13f4 (size before relaxing)
 .debug_str     0x00004f0a       0x32 build/startup_stm32f103xb.o
                                 0x57 (size before relaxing)

.comment        0x00000000       0x43
 .comment       0x00000000       0x43 build/main.o
                                 0x44 (size before relaxing)
 .comment       0x00000043       0x44 build/stm32f1xx_it.o
 .comment       0x00000043       0x44 build/stm32f1xx_hal_msp.o
 .comment       0x00000043       0x44 build/stm32f1xx_hal_uart.o
 .comment       0x00000043       0x44 build/stm32f1xx_hal.o
 .comment       0x00000043       0x44 build/stm32f1xx_hal_rcc.o
 .comment       0x00000043       0x44 build/stm32f1xx_hal_gpio.o
 .comment       0x00000043       0x44 build/stm32f1xx_hal_cortex.o
 .comment       0x00000043       0x44 build/system_stm32f1xx.o
 .comment       0x00000043       0x44 build/stm32f1xx_hal_i2c.o
 .comment       0x00000043       0x44 build/max_sensor.o
 .comment       0x00000043       0x44 build/uart.o
 .comment       0x00000043       0x44 build/lis2dw12_reg.o
 .comment       0x00000043       0x44 build/lis2dw12_activity.o

.debug_frame    0x00000000     0x3af4
 .debug_frame   0x00000000       0xe4 build/main.o
 .debug_frame   0x000000e4      0x13c build/stm32f1xx_it.o
 .debug_frame   0x00000220       0xc8 build/stm32f1xx_hal_msp.o
 .debug_frame   0x000002e8      0x944 build/stm32f1xx_hal_uart.o
 .debug_frame   0x00000c2c      0x334 build/stm32f1xx_hal.o
 .debug_frame   0x00000f60      0x218 build/stm32f1xx_hal_rcc.o
 .debug_frame   0x00001178      0x14c build/stm32f1xx_hal_gpio.o
 .debug_frame   0x000012c4      0x428 build/stm32f1xx_hal_cortex.o
 .debug_frame   0x000016ec       0x58 build/system_stm32f1xx.o
 .debug_frame   0x00001744      0xc84 build/stm32f1xx_hal_i2c.o
 .debug_frame   0x000023c8      0x39c build/max_sensor.o
 .debug_frame   0x00002764       0xd8 build/uart.o
 .debug_frame   0x0000283c     0x10b0 build/lis2dw12_reg.o
 .debug_frame   0x000038ec       0x9c build/lis2dw12_activity.o
 .debug_frame   0x00003988       0x20 C:/ST/STM32CubeCLT_1.16.0/GNU-tools-for-STM32/bin/../lib/gcc/arm-none-eabi/12.3.1/../../../../arm-none-eabi/lib/thumb/v7-m/nofp\libc_nano.a(libc_a-memset.o)
 .debug_frame   0x000039a8       0x2c C:/ST/STM32CubeCLT_1.16.0/GNU-tools-for-STM32/bin/../lib/gcc/arm-none-eabi/12.3.1/../../../../arm-none-eabi/lib/thumb/v7-m/nofp\libc_nano.a(libc_a-init.o)
 .debug_frame   0x000039d4       0xac C:/ST/STM32CubeCLT_1.16.0/GNU-tools-for-STM32/bin/../lib/gcc/arm-none-eabi/12.3.1/thumb/v7-m/nofp\libgcc.a(_arm_addsubdf3.o)
 .debug_frame   0x00003a80       0x50 C:/ST/STM32CubeCLT_1.16.0/GNU-tools-for-STM32/bin/../lib/gcc/arm-none-eabi/12.3.1/thumb/v7-m/nofp\libgcc.a(_arm_muldivdf3.o)
 .debug_frame   0x00003ad0       0x24 C:/ST/STM32CubeCLT_1.16.0/GNU-tools-for-STM32/bin/../lib/gcc/arm-none-eabi/12.3.1/thumb/v7-m/nofp\libgcc.a(_arm_fixunsdfsi.o)

Cross Reference Table

Symbol                                            File
ADC1_2_IRQHandler                                 build/startup_stm32f103xb.o
AHBPrescTable                                     build/system_stm32f1xx.o
                                                  build/stm32f1xx_hal_rcc.o
APBPrescTable                                     build/system_stm32f1xx.o
                                                  build/stm32f1xx_hal_rcc.o
BusFault_Handler                                  build/stm32f1xx_it.o
CAN1_RX1_IRQHandler                               build/startup_stm32f103xb.o
CAN1_SCE_IRQHandler                               build/startup_stm32f103xb.o
DMA1_Channel1_IRQHandler                          build/startup_stm32f103xb.o
DMA1_Channel2_IRQHandler                          build/startup_stm32f103xb.o
DMA1_Channel3_IRQHandler                          build/startup_stm32f103xb.o
DMA1_Channel4_IRQHandler                          build/startup_stm32f103xb.o
DMA1_Channel5_IRQHandler                          build/startup_stm32f103xb.o
DMA1_Channel6_IRQHandler                          build/startup_stm32f103xb.o
DMA1_Channel7_IRQHandler                          build/startup_stm32f103xb.o
DebugMon_Handler                                  build/stm32f1xx_it.o
Default_Handler                                   build/startup_stm32f103xb.o
EXTI0_IRQHandler                                  build/startup_stm32f103xb.o
EXTI15_10_IRQHandler                              build/stm32f1xx_it.o
EXTI1_IRQHandler                                  build/startup_stm32f103xb.o
EXTI2_IRQHandler                                  build/startup_stm32f103xb.o
EXTI3_IRQHandler                                  build/stm32f1xx_it.o
EXTI4_IRQHandler                                  build/startup_stm32f103xb.o
EXTI9_5_IRQHandler                                build/startup_stm32f103xb.o
Error_Handler                                     build/main.o
FIRFilter_Init                                    build/filter_max30102.o
FIRFilter_Update                                  build/filter_max30102.o
                                                  build/max_sensor.o
FLASH_IRQHandler                                  build/startup_stm32f103xb.o
FLASH_PageErase                                   build/stm32f1xx_hal_flash_ex.o
                                                  build/stm32f1xx_hal_flash.o
FLASH_WaitForLastOperation                        build/stm32f1xx_hal_flash.o
                                                  build/stm32f1xx_hal_flash_ex.o
HAL_DBGMCU_DisableDBGSleepMode                    build/stm32f1xx_hal.o
HAL_DBGMCU_DisableDBGStandbyMode                  build/stm32f1xx_hal.o
HAL_DBGMCU_DisableDBGStopMode                     build/stm32f1xx_hal.o
HAL_DBGMCU_EnableDBGSleepMode                     build/stm32f1xx_hal.o
HAL_DBGMCU_EnableDBGStandbyMode                   build/stm32f1xx_hal.o
HAL_DBGMCU_EnableDBGStopMode                      build/stm32f1xx_hal.o
HAL_DMA_Abort                                     build/stm32f1xx_hal_dma.o
                                                  build/stm32f1xx_hal_uart.o
HAL_DMA_Abort_IT                                  build/stm32f1xx_hal_dma.o
                                                  build/stm32f1xx_hal_i2c.o
                                                  build/stm32f1xx_hal_uart.o
HAL_DMA_DeInit                                    build/stm32f1xx_hal_dma.o
HAL_DMA_GetError                                  build/stm32f1xx_hal_dma.o
                                                  build/stm32f1xx_hal_uart.o
HAL_DMA_GetState                                  build/stm32f1xx_hal_dma.o
                                                  build/stm32f1xx_hal_i2c.o
HAL_DMA_IRQHandler                                build/stm32f1xx_hal_dma.o
HAL_DMA_Init                                      build/stm32f1xx_hal_dma.o
HAL_DMA_PollForTransfer                           build/stm32f1xx_hal_dma.o
HAL_DMA_RegisterCallback                          build/stm32f1xx_hal_dma.o
HAL_DMA_Start                                     build/stm32f1xx_hal_dma.o
HAL_DMA_Start_IT                                  build/stm32f1xx_hal_dma.o
                                                  build/stm32f1xx_hal_i2c.o
                                                  build/stm32f1xx_hal_uart.o
HAL_DMA_UnRegisterCallback                        build/stm32f1xx_hal_dma.o
HAL_DeInit                                        build/stm32f1xx_hal.o
HAL_Delay                                         build/stm32f1xx_hal.o
                                                  build/lis2dw12_tap_single.o
                                                  build/lis2dw12_activity.o
HAL_EXTI_ClearConfigLine                          build/stm32f1xx_hal_exti.o
HAL_EXTI_ClearPending                             build/stm32f1xx_hal_exti.o
HAL_EXTI_GenerateSWI                              build/stm32f1xx_hal_exti.o
HAL_EXTI_GetConfigLine                            build/stm32f1xx_hal_exti.o
HAL_EXTI_GetHandle                                build/stm32f1xx_hal_exti.o
HAL_EXTI_GetPending                               build/stm32f1xx_hal_exti.o
HAL_EXTI_IRQHandler                               build/stm32f1xx_hal_exti.o
HAL_EXTI_RegisterCallback                         build/stm32f1xx_hal_exti.o
HAL_EXTI_SetConfigLine                            build/stm32f1xx_hal_exti.o
HAL_FLASHEx_Erase                                 build/stm32f1xx_hal_flash_ex.o
HAL_FLASHEx_Erase_IT                              build/stm32f1xx_hal_flash_ex.o
HAL_FLASHEx_OBErase                               build/stm32f1xx_hal_flash_ex.o
HAL_FLASHEx_OBGetConfig                           build/stm32f1xx_hal_flash_ex.o
HAL_FLASHEx_OBGetUserData                         build/stm32f1xx_hal_flash_ex.o
HAL_FLASHEx_OBProgram                             build/stm32f1xx_hal_flash_ex.o
HAL_FLASH_EndOfOperationCallback                  build/stm32f1xx_hal_flash.o
HAL_FLASH_GetError                                build/stm32f1xx_hal_flash.o
HAL_FLASH_IRQHandler                              build/stm32f1xx_hal_flash.o
HAL_FLASH_Lock                                    build/stm32f1xx_hal_flash.o
HAL_FLASH_OB_Launch                               build/stm32f1xx_hal_flash.o
HAL_FLASH_OB_Lock                                 build/stm32f1xx_hal_flash.o
HAL_FLASH_OB_Unlock                               build/stm32f1xx_hal_flash.o
HAL_FLASH_OperationErrorCallback                  build/stm32f1xx_hal_flash.o
HAL_FLASH_Program                                 build/stm32f1xx_hal_flash.o
HAL_FLASH_Program_IT                              build/stm32f1xx_hal_flash.o
HAL_FLASH_Unlock                                  build/stm32f1xx_hal_flash.o
HAL_GPIOEx_ConfigEventout                         build/stm32f1xx_hal_gpio_ex.o
HAL_GPIOEx_DisableEventout                        build/stm32f1xx_hal_gpio_ex.o
HAL_GPIOEx_EnableEventout                         build/stm32f1xx_hal_gpio_ex.o
HAL_GPIO_DeInit                                   build/stm32f1xx_hal_gpio.o
                                                  build/stm32f1xx_hal_msp.o
HAL_GPIO_EXTI_Callback                            build/stm32f1xx_hal_gpio.o
HAL_GPIO_EXTI_IRQHandler                          build/stm32f1xx_hal_gpio.o
                                                  build/stm32f1xx_it.o
HAL_GPIO_Init                                     build/stm32f1xx_hal_gpio.o
                                                  build/stm32f1xx_hal_rcc.o
                                                  build/stm32f1xx_hal_msp.o
                                                  build/main.o
HAL_GPIO_LockPin                                  build/stm32f1xx_hal_gpio.o
HAL_GPIO_ReadPin                                  build/stm32f1xx_hal_gpio.o
HAL_GPIO_TogglePin                                build/stm32f1xx_hal_gpio.o
HAL_GPIO_WritePin                                 build/stm32f1xx_hal_gpio.o
                                                  build/main.o
HAL_GetDEVID                                      build/stm32f1xx_hal.o
HAL_GetHalVersion                                 build/stm32f1xx_hal.o
HAL_GetREVID                                      build/stm32f1xx_hal.o
HAL_GetTick                                       build/stm32f1xx_hal.o
                                                  build/max_sensor.o
                                                  build/stm32f1xx_hal_i2c.o
                                                  build/stm32f1xx_hal_flash.o
                                                  build/stm32f1xx_hal_dma.o
                                                  build/stm32f1xx_hal_rcc_ex.o
                                                  build/stm32f1xx_hal_rcc.o
                                                  build/stm32f1xx_hal_uart.o
HAL_GetTickFreq                                   build/stm32f1xx_hal.o
HAL_GetTickPrio                                   build/stm32f1xx_hal.o
HAL_GetUIDw0                                      build/stm32f1xx_hal.o
HAL_GetUIDw1                                      build/stm32f1xx_hal.o
HAL_GetUIDw2                                      build/stm32f1xx_hal.o
HAL_HalfDuplex_EnableReceiver                     build/stm32f1xx_hal_uart.o
HAL_HalfDuplex_EnableTransmitter                  build/stm32f1xx_hal_uart.o
HAL_HalfDuplex_Init                               build/stm32f1xx_hal_uart.o
HAL_I2C_AbortCpltCallback                         build/stm32f1xx_hal_i2c.o
HAL_I2C_AddrCallback                              build/stm32f1xx_hal_i2c.o
HAL_I2C_DeInit                                    build/stm32f1xx_hal_i2c.o
HAL_I2C_DisableListen_IT                          build/stm32f1xx_hal_i2c.o
HAL_I2C_ER_IRQHandler                             build/stm32f1xx_hal_i2c.o
HAL_I2C_EV_IRQHandler                             build/stm32f1xx_hal_i2c.o
HAL_I2C_EnableListen_IT                           build/stm32f1xx_hal_i2c.o
HAL_I2C_ErrorCallback                             build/stm32f1xx_hal_i2c.o
HAL_I2C_GetError                                  build/stm32f1xx_hal_i2c.o
HAL_I2C_GetMode                                   build/stm32f1xx_hal_i2c.o
HAL_I2C_GetState                                  build/stm32f1xx_hal_i2c.o
HAL_I2C_Init                                      build/stm32f1xx_hal_i2c.o
                                                  build/main.o
HAL_I2C_IsDeviceReady                             build/stm32f1xx_hal_i2c.o
HAL_I2C_ListenCpltCallback                        build/stm32f1xx_hal_i2c.o
HAL_I2C_MasterRxCpltCallback                      build/stm32f1xx_hal_i2c.o
HAL_I2C_MasterTxCpltCallback                      build/stm32f1xx_hal_i2c.o
HAL_I2C_Master_Abort_IT                           build/stm32f1xx_hal_i2c.o
HAL_I2C_Master_Receive                            build/stm32f1xx_hal_i2c.o
                                                  build/max_sensor.o
HAL_I2C_Master_Receive_DMA                        build/stm32f1xx_hal_i2c.o
HAL_I2C_Master_Receive_IT                         build/stm32f1xx_hal_i2c.o
HAL_I2C_Master_Seq_Receive_DMA                    build/stm32f1xx_hal_i2c.o
HAL_I2C_Master_Seq_Receive_IT                     build/stm32f1xx_hal_i2c.o
HAL_I2C_Master_Seq_Transmit_DMA                   build/stm32f1xx_hal_i2c.o
HAL_I2C_Master_Seq_Transmit_IT                    build/stm32f1xx_hal_i2c.o
HAL_I2C_Master_Transmit                           build/stm32f1xx_hal_i2c.o
                                                  build/max_sensor.o
HAL_I2C_Master_Transmit_DMA                       build/stm32f1xx_hal_i2c.o
HAL_I2C_Master_Transmit_IT                        build/stm32f1xx_hal_i2c.o
HAL_I2C_MemRxCpltCallback                         build/stm32f1xx_hal_i2c.o
HAL_I2C_MemTxCpltCallback                         build/stm32f1xx_hal_i2c.o
HAL_I2C_Mem_Read                                  build/stm32f1xx_hal_i2c.o
                                                  build/lis2dw12_tap_single.o
                                                  build/lis2dw12_activity.o
HAL_I2C_Mem_Read_DMA                              build/stm32f1xx_hal_i2c.o
HAL_I2C_Mem_Read_IT                               build/stm32f1xx_hal_i2c.o
HAL_I2C_Mem_Write                                 build/stm32f1xx_hal_i2c.o
                                                  build/lis2dw12_tap_single.o
                                                  build/lis2dw12_activity.o
HAL_I2C_Mem_Write_DMA                             build/stm32f1xx_hal_i2c.o
HAL_I2C_Mem_Write_IT                              build/stm32f1xx_hal_i2c.o
HAL_I2C_MspDeInit                                 build/stm32f1xx_hal_msp.o
HAL_I2C_MspInit                                   build/stm32f1xx_hal_msp.o
HAL_I2C_SlaveRxCpltCallback                       build/stm32f1xx_hal_i2c.o
HAL_I2C_SlaveTxCpltCallback                       build/stm32f1xx_hal_i2c.o
HAL_I2C_Slave_Receive                             build/stm32f1xx_hal_i2c.o
HAL_I2C_Slave_Receive_DMA                         build/stm32f1xx_hal_i2c.o
HAL_I2C_Slave_Receive_IT                          build/stm32f1xx_hal_i2c.o
HAL_I2C_Slave_Seq_Receive_DMA                     build/stm32f1xx_hal_i2c.o
HAL_I2C_Slave_Seq_Receive_IT                      build/stm32f1xx_hal_i2c.o
HAL_I2C_Slave_Seq_Transmit_DMA                    build/stm32f1xx_hal_i2c.o
HAL_I2C_Slave_Seq_Transmit_IT                     build/stm32f1xx_hal_i2c.o
HAL_I2C_Slave_Transmit                            build/stm32f1xx_hal_i2c.o
HAL_I2C_Slave_Transmit_DMA                        build/stm32f1xx_hal_i2c.o
HAL_I2C_Slave_Transmit_IT                         build/stm32f1xx_hal_i2c.o
HAL_IncTick                                       build/stm32f1xx_hal.o
                                                  build/stm32f1xx_it.o
HAL_Init                                          build/stm32f1xx_hal.o
                                                  build/main.o
HAL_InitTick                                      build/stm32f1xx_hal.o
                                                  build/stm32f1xx_hal_rcc.o
HAL_LIN_Init                                      build/stm32f1xx_hal_uart.o
HAL_LIN_SendBreak                                 build/stm32f1xx_hal_uart.o
HAL_MspDeInit                                     build/stm32f1xx_hal.o
HAL_MspInit                                       build/stm32f1xx_hal_msp.o
HAL_MultiProcessor_EnterMuteMode                  build/stm32f1xx_hal_uart.o
HAL_MultiProcessor_ExitMuteMode                   build/stm32f1xx_hal_uart.o
HAL_MultiProcessor_Init                           build/stm32f1xx_hal_uart.o
HAL_NVIC_ClearPendingIRQ                          build/stm32f1xx_hal_cortex.o
HAL_NVIC_DisableIRQ                               build/stm32f1xx_hal_cortex.o
HAL_NVIC_EnableIRQ                                build/stm32f1xx_hal_cortex.o
                                                  build/main.o
HAL_NVIC_GetActive                                build/stm32f1xx_hal_cortex.o
HAL_NVIC_GetPendingIRQ                            build/stm32f1xx_hal_cortex.o
HAL_NVIC_GetPriority                              build/stm32f1xx_hal_cortex.o
HAL_NVIC_GetPriorityGrouping                      build/stm32f1xx_hal_cortex.o
HAL_NVIC_SetPendingIRQ                            build/stm32f1xx_hal_cortex.o
HAL_NVIC_SetPriority                              build/stm32f1xx_hal_cortex.o
                                                  build/stm32f1xx_hal.o
                                                  build/main.o
HAL_NVIC_SetPriorityGrouping                      build/stm32f1xx_hal_cortex.o
                                                  build/stm32f1xx_hal.o
HAL_NVIC_SystemReset                              build/stm32f1xx_hal_cortex.o
                                                  build/stm32f1xx_hal_flash.o
HAL_PWR_ConfigPVD                                 build/stm32f1xx_hal_pwr.o
HAL_PWR_DeInit                                    build/stm32f1xx_hal_pwr.o
HAL_PWR_DisableBkUpAccess                         build/stm32f1xx_hal_pwr.o
HAL_PWR_DisablePVD                                build/stm32f1xx_hal_pwr.o
HAL_PWR_DisableSEVOnPend                          build/stm32f1xx_hal_pwr.o
HAL_PWR_DisableSleepOnExit                        build/stm32f1xx_hal_pwr.o
HAL_PWR_DisableWakeUpPin                          build/stm32f1xx_hal_pwr.o
HAL_PWR_EnableBkUpAccess                          build/stm32f1xx_hal_pwr.o
HAL_PWR_EnablePVD                                 build/stm32f1xx_hal_pwr.o
HAL_PWR_EnableSEVOnPend                           build/stm32f1xx_hal_pwr.o
HAL_PWR_EnableSleepOnExit                         build/stm32f1xx_hal_pwr.o
HAL_PWR_EnableWakeUpPin                           build/stm32f1xx_hal_pwr.o
HAL_PWR_EnterSLEEPMode                            build/stm32f1xx_hal_pwr.o
HAL_PWR_EnterSTANDBYMode                          build/stm32f1xx_hal_pwr.o
HAL_PWR_EnterSTOPMode                             build/stm32f1xx_hal_pwr.o
HAL_PWR_PVDCallback                               build/stm32f1xx_hal_pwr.o
HAL_PWR_PVD_IRQHandler                            build/stm32f1xx_hal_pwr.o
HAL_RCCEx_GetPeriphCLKConfig                      build/stm32f1xx_hal_rcc_ex.o
HAL_RCCEx_GetPeriphCLKFreq                        build/stm32f1xx_hal_rcc_ex.o
HAL_RCCEx_PeriphCLKConfig                         build/stm32f1xx_hal_rcc_ex.o
HAL_RCC_CSSCallback                               build/stm32f1xx_hal_rcc.o
HAL_RCC_ClockConfig                               build/stm32f1xx_hal_rcc.o
                                                  build/main.o
HAL_RCC_DeInit                                    build/stm32f1xx_hal_rcc.o
HAL_RCC_DisableCSS                                build/stm32f1xx_hal_rcc.o
HAL_RCC_EnableCSS                                 build/stm32f1xx_hal_rcc.o
HAL_RCC_GetClockConfig                            build/stm32f1xx_hal_rcc.o
HAL_RCC_GetHCLKFreq                               build/stm32f1xx_hal_rcc.o
HAL_RCC_GetOscConfig                              build/stm32f1xx_hal_rcc.o
HAL_RCC_GetPCLK1Freq                              build/stm32f1xx_hal_rcc.o
                                                  build/stm32f1xx_hal_i2c.o
                                                  build/stm32f1xx_hal_uart.o
HAL_RCC_GetPCLK2Freq                              build/stm32f1xx_hal_rcc.o
                                                  build/stm32f1xx_hal_rcc_ex.o
                                                  build/stm32f1xx_hal_uart.o
HAL_RCC_GetSysClockFreq                           build/stm32f1xx_hal_rcc.o
HAL_RCC_MCOConfig                                 build/stm32f1xx_hal_rcc.o
HAL_RCC_NMI_IRQHandler                            build/stm32f1xx_hal_rcc.o
HAL_RCC_OscConfig                                 build/stm32f1xx_hal_rcc.o
                                                  build/main.o
HAL_ResumeTick                                    build/stm32f1xx_hal.o
HAL_SYSTICK_CLKSourceConfig                       build/stm32f1xx_hal_cortex.o
HAL_SYSTICK_Callback                              build/stm32f1xx_hal_cortex.o
HAL_SYSTICK_Config                                build/stm32f1xx_hal_cortex.o
                                                  build/stm32f1xx_hal.o
HAL_SYSTICK_IRQHandler                            build/stm32f1xx_hal_cortex.o
HAL_SetTickFreq                                   build/stm32f1xx_hal.o
HAL_SuspendTick                                   build/stm32f1xx_hal.o
HAL_UARTEx_GetRxEventType                         build/stm32f1xx_hal_uart.o
HAL_UARTEx_ReceiveToIdle                          build/stm32f1xx_hal_uart.o
HAL_UARTEx_ReceiveToIdle_DMA                      build/stm32f1xx_hal_uart.o
HAL_UARTEx_ReceiveToIdle_IT                       build/stm32f1xx_hal_uart.o
HAL_UARTEx_RxEventCallback                        build/stm32f1xx_hal_uart.o
HAL_UART_Abort                                    build/stm32f1xx_hal_uart.o
HAL_UART_AbortCpltCallback                        build/stm32f1xx_hal_uart.o
HAL_UART_AbortReceive                             build/stm32f1xx_hal_uart.o
HAL_UART_AbortReceiveCpltCallback                 build/stm32f1xx_hal_uart.o
HAL_UART_AbortReceive_IT                          build/stm32f1xx_hal_uart.o
HAL_UART_AbortTransmit                            build/stm32f1xx_hal_uart.o
HAL_UART_AbortTransmitCpltCallback                build/stm32f1xx_hal_uart.o
HAL_UART_AbortTransmit_IT                         build/stm32f1xx_hal_uart.o
HAL_UART_Abort_IT                                 build/stm32f1xx_hal_uart.o
HAL_UART_DMAPause                                 build/stm32f1xx_hal_uart.o
HAL_UART_DMAResume                                build/stm32f1xx_hal_uart.o
HAL_UART_DMAStop                                  build/stm32f1xx_hal_uart.o
HAL_UART_DeInit                                   build/stm32f1xx_hal_uart.o
HAL_UART_ErrorCallback                            build/stm32f1xx_hal_uart.o
HAL_UART_GetError                                 build/stm32f1xx_hal_uart.o
HAL_UART_GetState                                 build/stm32f1xx_hal_uart.o
HAL_UART_IRQHandler                               build/stm32f1xx_hal_uart.o
HAL_UART_Init                                     build/stm32f1xx_hal_uart.o
                                                  build/uart.o
                                                  build/main.o
HAL_UART_MspDeInit                                build/stm32f1xx_hal_msp.o
HAL_UART_MspInit                                  build/stm32f1xx_hal_msp.o
HAL_UART_Receive                                  build/stm32f1xx_hal_uart.o
HAL_UART_Receive_DMA                              build/stm32f1xx_hal_uart.o
HAL_UART_Receive_IT                               build/stm32f1xx_hal_uart.o
HAL_UART_RxCpltCallback                           build/stm32f1xx_hal_uart.o
HAL_UART_RxHalfCpltCallback                       build/stm32f1xx_hal_uart.o
HAL_UART_Transmit                                 build/stm32f1xx_hal_uart.o
                                                  build/uart.o
HAL_UART_Transmit_DMA                             build/stm32f1xx_hal_uart.o
HAL_UART_Transmit_IT                              build/stm32f1xx_hal_uart.o
HAL_UART_TxCpltCallback                           build/stm32f1xx_hal_uart.o
HAL_UART_TxHalfCpltCallback                       build/stm32f1xx_hal_uart.o
HardFault_Handler                                 build/stm32f1xx_it.o
I2C1_ER_IRQHandler                                build/startup_stm32f103xb.o
I2C1_EV_IRQHandler                                build/startup_stm32f103xb.o
I2C2_ER_IRQHandler                                build/startup_stm32f103xb.o
I2C2_EV_IRQHandler                                build/startup_stm32f103xb.o
MAX30102_Flag                                     build/main.o
MAX30102_clearInterrupt                           build/max_sensor.o
MAX30102_displayData                              build/max_sensor.o
                                                  build/main.o
MAX30102_getLedCurrent                            build/max_sensor.o
MAX30102_getMeasMode                              build/max_sensor.o
MAX30102_getPowerMode                             build/max_sensor.o
MAX30102_getPulseWidth                            build/max_sensor.o
MAX30102_getSampleRate                            build/max_sensor.o
MAX30102_initFIFO                                 build/max_sensor.o
                                                  build/main.o
MAX30102_readFIFO                                 build/max_sensor.o
MAX30102_readReg                                  build/max_sensor.o
MAX30102_readTemp                                 build/max_sensor.o
MAX30102_read_FIFO                                build/max_sensor.o
                                                  build/main.o
MAX30102_registerData                             build/max_sensor.o
MAX30102_resetFIFO                                build/max_sensor.o
                                                  build/main.o
MAX30102_resetRegister                            build/max_sensor.o
                                                  build/main.o
MAX30102_setLedCurrent                            build/max_sensor.o
                                                  build/main.o
MAX30102_setMeasMode                              build/max_sensor.o
                                                  build/main.o
MAX30102_setPowerMode                             build/max_sensor.o
MAX30102_setPulseWidth                            build/max_sensor.o
                                                  build/main.o
MAX30102_setSampleRate                            build/max_sensor.o
                                                  build/main.o
MAX30102_update                                   build/max_sensor.o
MAX30102_writeReg                                 build/max_sensor.o
MemManage_Handler                                 build/stm32f1xx_it.o
NMI_Handler                                       build/stm32f1xx_it.o
PVD_IRQHandler                                    build/startup_stm32f103xb.o
PendSV_Handler                                    build/stm32f1xx_it.o
RCC_IRQHandler                                    build/startup_stm32f103xb.o
RTC_Alarm_IRQHandler                              build/startup_stm32f103xb.o
RTC_IRQHandler                                    build/startup_stm32f103xb.o
Reset_Handler                                     build/startup_stm32f103xb.o
SPI1_IRQHandler                                   build/startup_stm32f103xb.o
SPI2_IRQHandler                                   build/startup_stm32f103xb.o
SVC_Handler                                       build/stm32f1xx_it.o
SysTick_Handler                                   build/stm32f1xx_it.o
SystemClock_Config                                build/main.o
SystemCoreClock                                   build/system_stm32f1xx.o
                                                  build/stm32f1xx_hal_i2c.o
                                                  build/stm32f1xx_hal_rcc.o
                                                  build/stm32f1xx_hal.o
SystemCoreClockUpdate                             build/system_stm32f1xx.o
SystemInit                                        build/system_stm32f1xx.o
                                                  build/startup_stm32f103xb.o
TAMPER_IRQHandler                                 build/startup_stm32f103xb.o
TIM1_BRK_IRQHandler                               build/startup_stm32f103xb.o
TIM1_CC_IRQHandler                                build/startup_stm32f103xb.o
TIM1_TRG_COM_IRQHandler                           build/startup_stm32f103xb.o
TIM1_UP_IRQHandler                                build/startup_stm32f103xb.o
TIM2_IRQHandler                                   build/startup_stm32f103xb.o
TIM3_IRQHandler                                   build/startup_stm32f103xb.o
TIM4_IRQHandler                                   build/startup_stm32f103xb.o
UART_Start_Receive_DMA                            build/stm32f1xx_hal_uart.o
UART_Start_Receive_IT                             build/stm32f1xx_hal_uart.o
USART1_IRQHandler                                 build/startup_stm32f103xb.o
USART2_IRQHandler                                 build/startup_stm32f103xb.o
USART3_IRQHandler                                 build/startup_stm32f103xb.o
USBWakeUp_IRQHandler                              build/startup_stm32f103xb.o
USB_HP_CAN1_TX_IRQHandler                         build/startup_stm32f103xb.o
USB_LP_CAN1_RX0_IRQHandler                        build/startup_stm32f103xb.o
UsageFault_Handler                                build/stm32f1xx_it.o
WWDG_IRQHandler                                   build/startup_stm32f103xb.o
_Min_Stack_Size                                   build/sysmem.o
__adddf3                                          C:/ST/STM32CubeCLT_1.16.0/GNU-tools-for-STM32/bin/../lib/gcc/arm-none-eabi/12.3.1/thumb/v7-m/nofp\libgcc.a(_arm_addsubdf3.o)
__addsf3                                          C:/ST/STM32CubeCLT_1.16.0/GNU-tools-for-STM32/bin/../lib/gcc/arm-none-eabi/12.3.1/thumb/v7-m/nofp\libgcc.a(_arm_addsubsf3.o)
__aeabi_cdcmpeq                                   C:/ST/STM32CubeCLT_1.16.0/GNU-tools-for-STM32/bin/../lib/gcc/arm-none-eabi/12.3.1/thumb/v7-m/nofp\libgcc.a(_arm_cmpdf2.o)
__aeabi_cdcmple                                   C:/ST/STM32CubeCLT_1.16.0/GNU-tools-for-STM32/bin/../lib/gcc/arm-none-eabi/12.3.1/thumb/v7-m/nofp\libgcc.a(_arm_cmpdf2.o)
__aeabi_cdrcmple                                  C:/ST/STM32CubeCLT_1.16.0/GNU-tools-for-STM32/bin/../lib/gcc/arm-none-eabi/12.3.1/thumb/v7-m/nofp\libgcc.a(_arm_cmpdf2.o)
__aeabi_cfcmpeq                                   C:/ST/STM32CubeCLT_1.16.0/GNU-tools-for-STM32/bin/../lib/gcc/arm-none-eabi/12.3.1/thumb/v7-m/nofp\libgcc.a(_arm_cmpsf2.o)
__aeabi_cfcmple                                   C:/ST/STM32CubeCLT_1.16.0/GNU-tools-for-STM32/bin/../lib/gcc/arm-none-eabi/12.3.1/thumb/v7-m/nofp\libgcc.a(_arm_cmpsf2.o)
__aeabi_cfrcmple                                  C:/ST/STM32CubeCLT_1.16.0/GNU-tools-for-STM32/bin/../lib/gcc/arm-none-eabi/12.3.1/thumb/v7-m/nofp\libgcc.a(_arm_cmpsf2.o)
__aeabi_d2f                                       C:/ST/STM32CubeCLT_1.16.0/GNU-tools-for-STM32/bin/../lib/gcc/arm-none-eabi/12.3.1/thumb/v7-m/nofp\libgcc.a(_arm_truncdfsf2.o)
                                                  build/filter_max30102.o
                                                  build/max_sensor.o
__aeabi_d2uiz                                     C:/ST/STM32CubeCLT_1.16.0/GNU-tools-for-STM32/bin/../lib/gcc/arm-none-eabi/12.3.1/thumb/v7-m/nofp\libgcc.a(_arm_fixunsdfsi.o)
                                                  build/max_sensor.o
__aeabi_dadd                                      C:/ST/STM32CubeCLT_1.16.0/GNU-tools-for-STM32/bin/../lib/gcc/arm-none-eabi/12.3.1/thumb/v7-m/nofp\libgcc.a(_arm_addsubdf3.o)
                                                  C:/ST/STM32CubeCLT_1.16.0/GNU-tools-for-STM32/bin/../lib/gcc/arm-none-eabi/12.3.1/../../../../arm-none-eabi/lib/thumb/v7-m/nofp\libm.a(libm_a-e_sqrt.o)
                                                  build/filter_max30102.o
__aeabi_dcmpeq                                    C:/ST/STM32CubeCLT_1.16.0/GNU-tools-for-STM32/bin/../lib/gcc/arm-none-eabi/12.3.1/thumb/v7-m/nofp\libgcc.a(_arm_cmpdf2.o)
__aeabi_dcmpge                                    C:/ST/STM32CubeCLT_1.16.0/GNU-tools-for-STM32/bin/../lib/gcc/arm-none-eabi/12.3.1/thumb/v7-m/nofp\libgcc.a(_arm_cmpdf2.o)
__aeabi_dcmpgt                                    C:/ST/STM32CubeCLT_1.16.0/GNU-tools-for-STM32/bin/../lib/gcc/arm-none-eabi/12.3.1/thumb/v7-m/nofp\libgcc.a(_arm_cmpdf2.o)
__aeabi_dcmple                                    C:/ST/STM32CubeCLT_1.16.0/GNU-tools-for-STM32/bin/../lib/gcc/arm-none-eabi/12.3.1/thumb/v7-m/nofp\libgcc.a(_arm_cmpdf2.o)
                                                  C:/ST/STM32CubeCLT_1.16.0/GNU-tools-for-STM32/bin/../lib/gcc/arm-none-eabi/12.3.1/../../../../arm-none-eabi/lib/thumb/v7-m/nofp\libm.a(libm_a-e_sqrt.o)
__aeabi_dcmplt                                    C:/ST/STM32CubeCLT_1.16.0/GNU-tools-for-STM32/bin/../lib/gcc/arm-none-eabi/12.3.1/thumb/v7-m/nofp\libgcc.a(_arm_cmpdf2.o)
                                                  C:/ST/STM32CubeCLT_1.16.0/GNU-tools-for-STM32/bin/../lib/gcc/arm-none-eabi/12.3.1/../../../../arm-none-eabi/lib/thumb/v7-m/nofp\libm.a(libm_a-e_sqrt.o)
                                                  C:/ST/STM32CubeCLT_1.16.0/GNU-tools-for-STM32/bin/../lib/gcc/arm-none-eabi/12.3.1/../../../../arm-none-eabi/lib/thumb/v7-m/nofp\libm.a(libm_a-w_sqrt.o)
__aeabi_dcmpun                                    C:/ST/STM32CubeCLT_1.16.0/GNU-tools-for-STM32/bin/../lib/gcc/arm-none-eabi/12.3.1/thumb/v7-m/nofp\libgcc.a(_arm_unorddf2.o)
                                                  C:/ST/STM32CubeCLT_1.16.0/GNU-tools-for-STM32/bin/../lib/gcc/arm-none-eabi/12.3.1/../../../../arm-none-eabi/lib/thumb/v7-m/nofp\libm.a(libm_a-w_sqrt.o)
__aeabi_ddiv                                      C:/ST/STM32CubeCLT_1.16.0/GNU-tools-for-STM32/bin/../lib/gcc/arm-none-eabi/12.3.1/thumb/v7-m/nofp\libgcc.a(_arm_muldivdf3.o)
                                                  C:/ST/STM32CubeCLT_1.16.0/GNU-tools-for-STM32/bin/../lib/gcc/arm-none-eabi/12.3.1/../../../../arm-none-eabi/lib/thumb/v7-m/nofp\libm.a(libm_a-e_sqrt.o)
                                                  C:/ST/STM32CubeCLT_1.16.0/GNU-tools-for-STM32/bin/../lib/gcc/arm-none-eabi/12.3.1/../../../../arm-none-eabi/lib/thumb/v7-m/nofp\libm.a(libm_a-w_sqrt.o)
                                                  build/max_sensor.o
__aeabi_dmul                                      C:/ST/STM32CubeCLT_1.16.0/GNU-tools-for-STM32/bin/../lib/gcc/arm-none-eabi/12.3.1/thumb/v7-m/nofp\libgcc.a(_arm_muldivdf3.o)
                                                  C:/ST/STM32CubeCLT_1.16.0/GNU-tools-for-STM32/bin/../lib/gcc/arm-none-eabi/12.3.1/thumb/v7-m/nofp\libgcc.a(_arm_muldf3.o)
                                                  C:/ST/STM32CubeCLT_1.16.0/GNU-tools-for-STM32/bin/../lib/gcc/arm-none-eabi/12.3.1/../../../../arm-none-eabi/lib/thumb/v7-m/nofp\libm.a(libm_a-e_sqrt.o)
                                                  build/filter_max30102.o
                                                  build/max_sensor.o
__aeabi_drsub                                     C:/ST/STM32CubeCLT_1.16.0/GNU-tools-for-STM32/bin/../lib/gcc/arm-none-eabi/12.3.1/thumb/v7-m/nofp\libgcc.a(_arm_addsubdf3.o)
__aeabi_dsub                                      C:/ST/STM32CubeCLT_1.16.0/GNU-tools-for-STM32/bin/../lib/gcc/arm-none-eabi/12.3.1/thumb/v7-m/nofp\libgcc.a(_arm_addsubdf3.o)
                                                  C:/ST/STM32CubeCLT_1.16.0/GNU-tools-for-STM32/bin/../lib/gcc/arm-none-eabi/12.3.1/../../../../arm-none-eabi/lib/thumb/v7-m/nofp\libm.a(libm_a-e_sqrt.o)
__aeabi_f2d                                       C:/ST/STM32CubeCLT_1.16.0/GNU-tools-for-STM32/bin/../lib/gcc/arm-none-eabi/12.3.1/thumb/v7-m/nofp\libgcc.a(_arm_addsubdf3.o)
                                                  build/filter_max30102.o
                                                  build/max_sensor.o
__aeabi_f2iz                                      C:/ST/STM32CubeCLT_1.16.0/GNU-tools-for-STM32/bin/../lib/gcc/arm-none-eabi/12.3.1/thumb/v7-m/nofp\libgcc.a(_arm_fixsfsi.o)
                                                  build/uart.o
__aeabi_fadd                                      C:/ST/STM32CubeCLT_1.16.0/GNU-tools-for-STM32/bin/../lib/gcc/arm-none-eabi/12.3.1/thumb/v7-m/nofp\libgcc.a(_arm_addsubsf3.o)
                                                  build/lis2dw12_reg.o
                                                  build/filter_max30102.o
                                                  build/max_sensor.o
__aeabi_fcmpeq                                    C:/ST/STM32CubeCLT_1.16.0/GNU-tools-for-STM32/bin/../lib/gcc/arm-none-eabi/12.3.1/thumb/v7-m/nofp\libgcc.a(_arm_cmpsf2.o)
__aeabi_fcmpge                                    C:/ST/STM32CubeCLT_1.16.0/GNU-tools-for-STM32/bin/../lib/gcc/arm-none-eabi/12.3.1/thumb/v7-m/nofp\libgcc.a(_arm_cmpsf2.o)
                                                  build/max_sensor.o
__aeabi_fcmpgt                                    C:/ST/STM32CubeCLT_1.16.0/GNU-tools-for-STM32/bin/../lib/gcc/arm-none-eabi/12.3.1/thumb/v7-m/nofp\libgcc.a(_arm_cmpsf2.o)
                                                  build/max_sensor.o
__aeabi_fcmple                                    C:/ST/STM32CubeCLT_1.16.0/GNU-tools-for-STM32/bin/../lib/gcc/arm-none-eabi/12.3.1/thumb/v7-m/nofp\libgcc.a(_arm_cmpsf2.o)
__aeabi_fcmplt                                    C:/ST/STM32CubeCLT_1.16.0/GNU-tools-for-STM32/bin/../lib/gcc/arm-none-eabi/12.3.1/thumb/v7-m/nofp\libgcc.a(_arm_cmpsf2.o)
__aeabi_fdiv                                      C:/ST/STM32CubeCLT_1.16.0/GNU-tools-for-STM32/bin/../lib/gcc/arm-none-eabi/12.3.1/thumb/v7-m/nofp\libgcc.a(_arm_muldivsf3.o)
                                                  build/lis2dw12_reg.o
                                                  build/filter_max30102.o
                                                  build/max_sensor.o
__aeabi_fmul                                      C:/ST/STM32CubeCLT_1.16.0/GNU-tools-for-STM32/bin/../lib/gcc/arm-none-eabi/12.3.1/thumb/v7-m/nofp\libgcc.a(_arm_muldivsf3.o)
                                                  C:/ST/STM32CubeCLT_1.16.0/GNU-tools-for-STM32/bin/../lib/gcc/arm-none-eabi/12.3.1/thumb/v7-m/nofp\libgcc.a(_arm_mulsf3.o)
                                                  build/lis2dw12_reg.o
                                                  build/uart.o
                                                  build/filter_max30102.o
                                                  build/max_sensor.o
__aeabi_frsub                                     C:/ST/STM32CubeCLT_1.16.0/GNU-tools-for-STM32/bin/../lib/gcc/arm-none-eabi/12.3.1/thumb/v7-m/nofp\libgcc.a(_arm_addsubsf3.o)
__aeabi_fsub                                      C:/ST/STM32CubeCLT_1.16.0/GNU-tools-for-STM32/bin/../lib/gcc/arm-none-eabi/12.3.1/thumb/v7-m/nofp\libgcc.a(_arm_addsubsf3.o)
                                                  build/uart.o
                                                  build/filter_max30102.o
                                                  build/max_sensor.o
__aeabi_i2d                                       C:/ST/STM32CubeCLT_1.16.0/GNU-tools-for-STM32/bin/../lib/gcc/arm-none-eabi/12.3.1/thumb/v7-m/nofp\libgcc.a(_arm_addsubdf3.o)
                                                  build/max_sensor.o
__aeabi_i2f                                       C:/ST/STM32CubeCLT_1.16.0/GNU-tools-for-STM32/bin/../lib/gcc/arm-none-eabi/12.3.1/thumb/v7-m/nofp\libgcc.a(_arm_addsubsf3.o)
                                                  build/lis2dw12_reg.o
                                                  build/uart.o
                                                  build/filter_max30102.o
                                                  build/max_sensor.o
__aeabi_l2d                                       C:/ST/STM32CubeCLT_1.16.0/GNU-tools-for-STM32/bin/../lib/gcc/arm-none-eabi/12.3.1/thumb/v7-m/nofp\libgcc.a(_arm_addsubdf3.o)
__aeabi_l2f                                       C:/ST/STM32CubeCLT_1.16.0/GNU-tools-for-STM32/bin/../lib/gcc/arm-none-eabi/12.3.1/thumb/v7-m/nofp\libgcc.a(_arm_addsubsf3.o)
__aeabi_ui2d                                      C:/ST/STM32CubeCLT_1.16.0/GNU-tools-for-STM32/bin/../lib/gcc/arm-none-eabi/12.3.1/thumb/v7-m/nofp\libgcc.a(_arm_addsubdf3.o)
                                                  build/max_sensor.o
__aeabi_ui2f                                      C:/ST/STM32CubeCLT_1.16.0/GNU-tools-for-STM32/bin/../lib/gcc/arm-none-eabi/12.3.1/thumb/v7-m/nofp\libgcc.a(_arm_addsubsf3.o)
                                                  build/max_sensor.o
__aeabi_ul2d                                      C:/ST/STM32CubeCLT_1.16.0/GNU-tools-for-STM32/bin/../lib/gcc/arm-none-eabi/12.3.1/thumb/v7-m/nofp\libgcc.a(_arm_addsubdf3.o)
__aeabi_ul2f                                      C:/ST/STM32CubeCLT_1.16.0/GNU-tools-for-STM32/bin/../lib/gcc/arm-none-eabi/12.3.1/thumb/v7-m/nofp\libgcc.a(_arm_addsubsf3.o)
__bss_end__                                       C:/ST/STM32CubeCLT_1.16.0/GNU-tools-for-STM32/bin/../lib/gcc/arm-none-eabi/12.3.1/../../../../arm-none-eabi/lib/thumb/v7-m/nofp/crt0.o
__bss_start__                                     C:/ST/STM32CubeCLT_1.16.0/GNU-tools-for-STM32/bin/../lib/gcc/arm-none-eabi/12.3.1/../../../../arm-none-eabi/lib/thumb/v7-m/nofp/crt0.o
__call_exitprocs                                  C:/ST/STM32CubeCLT_1.16.0/GNU-tools-for-STM32/bin/../lib/gcc/arm-none-eabi/12.3.1/../../../../arm-none-eabi/lib/thumb/v7-m/nofp\libc_nano.a(libc_a-exit.o)
__cmpdf2                                          C:/ST/STM32CubeCLT_1.16.0/GNU-tools-for-STM32/bin/../lib/gcc/arm-none-eabi/12.3.1/thumb/v7-m/nofp\libgcc.a(_arm_cmpdf2.o)
__cmpsf2                                          C:/ST/STM32CubeCLT_1.16.0/GNU-tools-for-STM32/bin/../lib/gcc/arm-none-eabi/12.3.1/thumb/v7-m/nofp\libgcc.a(_arm_cmpsf2.o)
__deregister_frame_info                           C:/ST/STM32CubeCLT_1.16.0/GNU-tools-for-STM32/bin/../lib/gcc/arm-none-eabi/12.3.1/thumb/v7-m/nofp/crtbegin.o
__divdf3                                          C:/ST/STM32CubeCLT_1.16.0/GNU-tools-for-STM32/bin/../lib/gcc/arm-none-eabi/12.3.1/thumb/v7-m/nofp\libgcc.a(_arm_muldivdf3.o)
__divsf3                                          C:/ST/STM32CubeCLT_1.16.0/GNU-tools-for-STM32/bin/../lib/gcc/arm-none-eabi/12.3.1/thumb/v7-m/nofp\libgcc.a(_arm_muldivsf3.o)
__dso_handle                                      C:/ST/STM32CubeCLT_1.16.0/GNU-tools-for-STM32/bin/../lib/gcc/arm-none-eabi/12.3.1/thumb/v7-m/nofp/crtbegin.o
__env                                             build/syscalls.o
__eqdf2                                           C:/ST/STM32CubeCLT_1.16.0/GNU-tools-for-STM32/bin/../lib/gcc/arm-none-eabi/12.3.1/thumb/v7-m/nofp\libgcc.a(_arm_cmpdf2.o)
__eqsf2                                           C:/ST/STM32CubeCLT_1.16.0/GNU-tools-for-STM32/bin/../lib/gcc/arm-none-eabi/12.3.1/thumb/v7-m/nofp\libgcc.a(_arm_cmpsf2.o)
__errno                                           C:/ST/STM32CubeCLT_1.16.0/GNU-tools-for-STM32/bin/../lib/gcc/arm-none-eabi/12.3.1/../../../../arm-none-eabi/lib/thumb/v7-m/nofp\libc_nano.a(libc_a-errno.o)
                                                  C:/ST/STM32CubeCLT_1.16.0/GNU-tools-for-STM32/bin/../lib/gcc/arm-none-eabi/12.3.1/../../../../arm-none-eabi/lib/thumb/v7-m/nofp\libm.a(libm_a-w_sqrt.o)
                                                  build/syscalls.o
                                                  build/sysmem.o
__extendsfdf2                                     C:/ST/STM32CubeCLT_1.16.0/GNU-tools-for-STM32/bin/../lib/gcc/arm-none-eabi/12.3.1/thumb/v7-m/nofp\libgcc.a(_arm_addsubdf3.o)
__fixsfsi                                         C:/ST/STM32CubeCLT_1.16.0/GNU-tools-for-STM32/bin/../lib/gcc/arm-none-eabi/12.3.1/thumb/v7-m/nofp\libgcc.a(_arm_fixsfsi.o)
__fixunsdfsi                                      C:/ST/STM32CubeCLT_1.16.0/GNU-tools-for-STM32/bin/../lib/gcc/arm-none-eabi/12.3.1/thumb/v7-m/nofp\libgcc.a(_arm_fixunsdfsi.o)
__floatdidf                                       C:/ST/STM32CubeCLT_1.16.0/GNU-tools-for-STM32/bin/../lib/gcc/arm-none-eabi/12.3.1/thumb/v7-m/nofp\libgcc.a(_arm_addsubdf3.o)
__floatdisf                                       C:/ST/STM32CubeCLT_1.16.0/GNU-tools-for-STM32/bin/../lib/gcc/arm-none-eabi/12.3.1/thumb/v7-m/nofp\libgcc.a(_arm_addsubsf3.o)
__floatsidf                                       C:/ST/STM32CubeCLT_1.16.0/GNU-tools-for-STM32/bin/../lib/gcc/arm-none-eabi/12.3.1/thumb/v7-m/nofp\libgcc.a(_arm_addsubdf3.o)
__floatsisf                                       C:/ST/STM32CubeCLT_1.16.0/GNU-tools-for-STM32/bin/../lib/gcc/arm-none-eabi/12.3.1/thumb/v7-m/nofp\libgcc.a(_arm_addsubsf3.o)
__floatundidf                                     C:/ST/STM32CubeCLT_1.16.0/GNU-tools-for-STM32/bin/../lib/gcc/arm-none-eabi/12.3.1/thumb/v7-m/nofp\libgcc.a(_arm_addsubdf3.o)
__floatundisf                                     C:/ST/STM32CubeCLT_1.16.0/GNU-tools-for-STM32/bin/../lib/gcc/arm-none-eabi/12.3.1/thumb/v7-m/nofp\libgcc.a(_arm_addsubsf3.o)
__floatunsidf                                     C:/ST/STM32CubeCLT_1.16.0/GNU-tools-for-STM32/bin/../lib/gcc/arm-none-eabi/12.3.1/thumb/v7-m/nofp\libgcc.a(_arm_addsubdf3.o)
__floatunsisf                                     C:/ST/STM32CubeCLT_1.16.0/GNU-tools-for-STM32/bin/../lib/gcc/arm-none-eabi/12.3.1/thumb/v7-m/nofp\libgcc.a(_arm_addsubsf3.o)
__fp_lock_all                                     C:/ST/STM32CubeCLT_1.16.0/GNU-tools-for-STM32/bin/../lib/gcc/arm-none-eabi/12.3.1/../../../../arm-none-eabi/lib/thumb/v7-m/nofp\libc_nano.a(libc_a-findfp.o)
__fp_unlock_all                                   C:/ST/STM32CubeCLT_1.16.0/GNU-tools-for-STM32/bin/../lib/gcc/arm-none-eabi/12.3.1/../../../../arm-none-eabi/lib/thumb/v7-m/nofp\libc_nano.a(libc_a-findfp.o)
__gedf2                                           C:/ST/STM32CubeCLT_1.16.0/GNU-tools-for-STM32/bin/../lib/gcc/arm-none-eabi/12.3.1/thumb/v7-m/nofp\libgcc.a(_arm_cmpdf2.o)
__gesf2                                           C:/ST/STM32CubeCLT_1.16.0/GNU-tools-for-STM32/bin/../lib/gcc/arm-none-eabi/12.3.1/thumb/v7-m/nofp\libgcc.a(_arm_cmpsf2.o)
__gtdf2                                           C:/ST/STM32CubeCLT_1.16.0/GNU-tools-for-STM32/bin/../lib/gcc/arm-none-eabi/12.3.1/thumb/v7-m/nofp\libgcc.a(_arm_cmpdf2.o)
__gtsf2                                           C:/ST/STM32CubeCLT_1.16.0/GNU-tools-for-STM32/bin/../lib/gcc/arm-none-eabi/12.3.1/thumb/v7-m/nofp\libgcc.a(_arm_cmpsf2.o)
__ieee754_sqrt                                    C:/ST/STM32CubeCLT_1.16.0/GNU-tools-for-STM32/bin/../lib/gcc/arm-none-eabi/12.3.1/../../../../arm-none-eabi/lib/thumb/v7-m/nofp\libm.a(libm_a-e_sqrt.o)
                                                  C:/ST/STM32CubeCLT_1.16.0/GNU-tools-for-STM32/bin/../lib/gcc/arm-none-eabi/12.3.1/../../../../arm-none-eabi/lib/thumb/v7-m/nofp\libm.a(libm_a-w_sqrt.o)
__init_array_end                                  C:/ST/STM32CubeCLT_1.16.0/GNU-tools-for-STM32/bin/../lib/gcc/arm-none-eabi/12.3.1/../../../../arm-none-eabi/lib/thumb/v7-m/nofp\libc_nano.a(libc_a-init.o)
__init_array_start                                C:/ST/STM32CubeCLT_1.16.0/GNU-tools-for-STM32/bin/../lib/gcc/arm-none-eabi/12.3.1/../../../../arm-none-eabi/lib/thumb/v7-m/nofp\libc_nano.a(libc_a-init.o)
__io_getchar                                      build/syscalls.o
__io_putchar                                      build/syscalls.o
__ledf2                                           C:/ST/STM32CubeCLT_1.16.0/GNU-tools-for-STM32/bin/../lib/gcc/arm-none-eabi/12.3.1/thumb/v7-m/nofp\libgcc.a(_arm_cmpdf2.o)
__lesf2                                           C:/ST/STM32CubeCLT_1.16.0/GNU-tools-for-STM32/bin/../lib/gcc/arm-none-eabi/12.3.1/thumb/v7-m/nofp\libgcc.a(_arm_cmpsf2.o)
__libc_fini_array                                 C:/ST/STM32CubeCLT_1.16.0/GNU-tools-for-STM32/bin/../lib/gcc/arm-none-eabi/12.3.1/../../../../arm-none-eabi/lib/thumb/v7-m/nofp/crt0.o
__libc_init_array                                 C:/ST/STM32CubeCLT_1.16.0/GNU-tools-for-STM32/bin/../lib/gcc/arm-none-eabi/12.3.1/../../../../arm-none-eabi/lib/thumb/v7-m/nofp\libc_nano.a(libc_a-init.o)
                                                  build/startup_stm32f103xb.o
                                                  C:/ST/STM32CubeCLT_1.16.0/GNU-tools-for-STM32/bin/../lib/gcc/arm-none-eabi/12.3.1/../../../../arm-none-eabi/lib/thumb/v7-m/nofp/crt0.o
__lock___arc4random_mutex                         C:/ST/STM32CubeCLT_1.16.0/GNU-tools-for-STM32/bin/../lib/gcc/arm-none-eabi/12.3.1/../../../../arm-none-eabi/lib/thumb/v7-m/nofp\libc_nano.a(libc_a-lock.o)
__lock___at_quick_exit_mutex                      C:/ST/STM32CubeCLT_1.16.0/GNU-tools-for-STM32/bin/../lib/gcc/arm-none-eabi/12.3.1/../../../../arm-none-eabi/lib/thumb/v7-m/nofp\libc_nano.a(libc_a-lock.o)
__lock___atexit_recursive_mutex                   C:/ST/STM32CubeCLT_1.16.0/GNU-tools-for-STM32/bin/../lib/gcc/arm-none-eabi/12.3.1/../../../../arm-none-eabi/lib/thumb/v7-m/nofp\libc_nano.a(libc_a-lock.o)
__lock___dd_hash_mutex                            C:/ST/STM32CubeCLT_1.16.0/GNU-tools-for-STM32/bin/../lib/gcc/arm-none-eabi/12.3.1/../../../../arm-none-eabi/lib/thumb/v7-m/nofp\libc_nano.a(libc_a-lock.o)
__lock___env_recursive_mutex                      C:/ST/STM32CubeCLT_1.16.0/GNU-tools-for-STM32/bin/../lib/gcc/arm-none-eabi/12.3.1/../../../../arm-none-eabi/lib/thumb/v7-m/nofp\libc_nano.a(libc_a-lock.o)
__lock___malloc_recursive_mutex                   C:/ST/STM32CubeCLT_1.16.0/GNU-tools-for-STM32/bin/../lib/gcc/arm-none-eabi/12.3.1/../../../../arm-none-eabi/lib/thumb/v7-m/nofp\libc_nano.a(libc_a-lock.o)
                                                  C:/ST/STM32CubeCLT_1.16.0/GNU-tools-for-STM32/bin/../lib/gcc/arm-none-eabi/12.3.1/../../../../arm-none-eabi/lib/thumb/v7-m/nofp\libc_nano.a(libc_a-mlock.o)
__lock___sfp_recursive_mutex                      C:/ST/STM32CubeCLT_1.16.0/GNU-tools-for-STM32/bin/../lib/gcc/arm-none-eabi/12.3.1/../../../../arm-none-eabi/lib/thumb/v7-m/nofp\libc_nano.a(libc_a-lock.o)
                                                  C:/ST/STM32CubeCLT_1.16.0/GNU-tools-for-STM32/bin/../lib/gcc/arm-none-eabi/12.3.1/../../../../arm-none-eabi/lib/thumb/v7-m/nofp\libc_nano.a(libc_a-findfp.o)
__lock___tz_mutex                                 C:/ST/STM32CubeCLT_1.16.0/GNU-tools-for-STM32/bin/../lib/gcc/arm-none-eabi/12.3.1/../../../../arm-none-eabi/lib/thumb/v7-m/nofp\libc_nano.a(libc_a-lock.o)
__ltdf2                                           C:/ST/STM32CubeCLT_1.16.0/GNU-tools-for-STM32/bin/../lib/gcc/arm-none-eabi/12.3.1/thumb/v7-m/nofp\libgcc.a(_arm_cmpdf2.o)
__ltsf2                                           C:/ST/STM32CubeCLT_1.16.0/GNU-tools-for-STM32/bin/../lib/gcc/arm-none-eabi/12.3.1/thumb/v7-m/nofp\libgcc.a(_arm_cmpsf2.o)
__malloc_free_list                                C:/ST/STM32CubeCLT_1.16.0/GNU-tools-for-STM32/bin/../lib/gcc/arm-none-eabi/12.3.1/../../../../arm-none-eabi/lib/thumb/v7-m/nofp\libc_nano.a(libc_a-mallocr.o)
                                                  C:/ST/STM32CubeCLT_1.16.0/GNU-tools-for-STM32/bin/../lib/gcc/arm-none-eabi/12.3.1/../../../../arm-none-eabi/lib/thumb/v7-m/nofp\libc_nano.a(libc_a-freer.o)
__malloc_lock                                     C:/ST/STM32CubeCLT_1.16.0/GNU-tools-for-STM32/bin/../lib/gcc/arm-none-eabi/12.3.1/../../../../arm-none-eabi/lib/thumb/v7-m/nofp\libc_nano.a(libc_a-mlock.o)
                                                  C:/ST/STM32CubeCLT_1.16.0/GNU-tools-for-STM32/bin/../lib/gcc/arm-none-eabi/12.3.1/../../../../arm-none-eabi/lib/thumb/v7-m/nofp\libc_nano.a(libc_a-mallocr.o)
                                                  C:/ST/STM32CubeCLT_1.16.0/GNU-tools-for-STM32/bin/../lib/gcc/arm-none-eabi/12.3.1/../../../../arm-none-eabi/lib/thumb/v7-m/nofp\libc_nano.a(libc_a-freer.o)